<?xml version="1.0" encoding="ISO-8859-1" ?>
<link_info>
   <banner>TMS320C2000 Linker PC v22.6.1.LTS</banner>
   <copyright>Copyright (c) 1996-2018 Texas Instruments Incorporated</copyright>
   <link_time>0x69b99c56</link_time>
   <link_errors>0x0</link_errors>
   <output_file>Blinky_CPU1_2.out</output_file>
   <entry_point>
      <name>code_start</name>
      <address>0x80000</address>
   </entry_point>
   <input_file_list>
      <input_file id="fl-2">
         <path>.\syscfg\</path>
         <kind>object</kind>
         <file>board.obj</file>
         <name>board.obj</name>
      </input_file>
      <input_file id="fl-3">
         <path>.\syscfg\</path>
         <kind>object</kind>
         <file>device.obj</file>
         <name>device.obj</name>
      </input_file>
      <input_file id="fl-4">
         <path>.\syscfg\</path>
         <kind>object</kind>
         <file>device_cmd.obj</file>
         <name>device_cmd.obj</name>
      </input_file>
      <input_file id="fl-5">
         <path>.\syscfg\</path>
         <kind>object</kind>
         <file>c2000ware_libraries.obj</file>
         <name>c2000ware_libraries.obj</name>
      </input_file>
      <input_file id="fl-6">
         <path>.\</path>
         <kind>object</kind>
         <file>f2837xd_codestartbranch.obj</file>
         <name>f2837xd_codestartbranch.obj</name>
      </input_file>
      <input_file id="fl-7">
         <path>.\</path>
         <kind>object</kind>
         <file>main.obj</file>
         <name>main.obj</name>
      </input_file>
      <input_file id="fl-8">
         <path>.\application\source\</path>
         <kind>object</kind>
         <file>application_cpu1.obj</file>
         <name>application_cpu1.obj</name>
      </input_file>
      <input_file id="fl-9">
         <path>.\bsp\bsp_f28379d_cpu1\source\</path>
         <kind>object</kind>
         <file>bsp_f28379d_board_init.obj</file>
         <name>bsp_f28379d_board_init.obj</name>
      </input_file>
      <input_file id="fl-a">
         <path>.\bsp\bsp_f28379d_cpu1\source\</path>
         <kind>object</kind>
         <file>bsp_f28379d_cpu1.obj</file>
         <name>bsp_f28379d_cpu1.obj</name>
      </input_file>
      <input_file id="fl-b">
         <path>.\bsp\bsp_interrupts\source\</path>
         <kind>object</kind>
         <file>bsp_interrupts_cpu1_cla.obj</file>
         <name>bsp_interrupts_cpu1_cla.obj</name>
      </input_file>
      <input_file id="fl-c">
         <path>.\bsp\cla_user_code\source\</path>
         <kind>object</kind>
         <file>cla1_shared_memory.obj</file>
         <name>cla1_shared_memory.obj</name>
      </input_file>
      <input_file id="fl-d">
         <path>.\bsp\cla_user_code\source\</path>
         <kind>object</kind>
         <file>main_cla1.obj</file>
         <name>main_cla1.obj</name>
      </input_file>
      <input_file id="fl-16">
         <kind>object</kind>
         <file>&lt;internal&gt;</file>
         <name>&lt;internal&gt;</name>
      </input_file>
      <input_file id="fl-2b">
         <path>D:\ti\ccs1281\ccs\tools\compiler\ti-cgt-c2000_22.6.1.LTS\lib\</path>
         <kind>archive</kind>
         <file>rts2800_fpu32_eabi.lib</file>
         <name>boot28.asm.obj</name>
      </input_file>
      <input_file id="fl-2c">
         <path>D:\ti\ccs1281\ccs\tools\compiler\ti-cgt-c2000_22.6.1.LTS\lib\</path>
         <kind>archive</kind>
         <file>rts2800_fpu32_eabi.lib</file>
         <name>cpy_tbl.c.obj</name>
      </input_file>
      <input_file id="fl-2d">
         <path>D:\ti\ccs1281\ccs\tools\compiler\ti-cgt-c2000_22.6.1.LTS\lib\</path>
         <kind>archive</kind>
         <file>rts2800_fpu32_eabi.lib</file>
         <name>memcpy.c.obj</name>
      </input_file>
      <input_file id="fl-2e">
         <path>D:\ti\ccs1281\ccs\tools\compiler\ti-cgt-c2000_22.6.1.LTS\lib\</path>
         <kind>archive</kind>
         <file>rts2800_fpu32_eabi.lib</file>
         <name>pre_init.c.obj</name>
      </input_file>
      <input_file id="fl-2f">
         <path>D:\ti\ccs1281\ccs\tools\compiler\ti-cgt-c2000_22.6.1.LTS\lib\</path>
         <kind>archive</kind>
         <file>rts2800_fpu32_eabi.lib</file>
         <name>autoinit.c.obj</name>
      </input_file>
      <input_file id="fl-30">
         <path>D:\ti\ccs1281\ccs\tools\compiler\ti-cgt-c2000_22.6.1.LTS\lib\</path>
         <kind>archive</kind>
         <file>rts2800_fpu32_eabi.lib</file>
         <name>copy_zero_init.c.obj</name>
      </input_file>
      <input_file id="fl-31">
         <path>D:\ti\ccs1281\ccs\tools\compiler\ti-cgt-c2000_22.6.1.LTS\lib\</path>
         <kind>archive</kind>
         <file>rts2800_fpu32_eabi.lib</file>
         <name>copy_decompress_none.c.obj</name>
      </input_file>
      <input_file id="fl-32">
         <path>D:\ti\ccs1281\ccs\tools\compiler\ti-cgt-c2000_22.6.1.LTS\lib\</path>
         <kind>archive</kind>
         <file>rts2800_fpu32_eabi.lib</file>
         <name>copy_decompress_lzss.c.obj</name>
      </input_file>
      <input_file id="fl-33">
         <path>D:\ti\ccs1281\ccs\tools\compiler\ti-cgt-c2000_22.6.1.LTS\lib\</path>
         <kind>archive</kind>
         <file>rts2800_fpu32_eabi.lib</file>
         <name>exit.c.obj</name>
      </input_file>
      <input_file id="fl-34">
         <path>D:\ti\ccs1281\ccs\tools\compiler\ti-cgt-c2000_22.6.1.LTS\lib\</path>
         <kind>archive</kind>
         <file>rts2800_fpu32_eabi.lib</file>
         <name>_lock.c.obj</name>
      </input_file>
      <input_file id="fl-35">
         <path>D:\ti\ccs1281\ccs\tools\compiler\ti-cgt-c2000_22.6.1.LTS\lib\</path>
         <kind>archive</kind>
         <file>rts2800_fpu32_eabi.lib</file>
         <name>args_main.c.obj</name>
      </input_file>
      <input_file id="fl-36">
         <path>D:\ti\ccs1281\ccs\tools\compiler\ti-cgt-c2000_22.6.1.LTS\lib\</path>
         <kind>archive</kind>
         <file>rts2800_fpu32_eabi.lib</file>
         <name>memset.c.obj</name>
      </input_file>
      <input_file id="fl-37">
         <path>D:\ti\ccs1281\ccs\tools\compiler\ti-cgt-c2000_22.6.1.LTS\lib\</path>
         <kind>archive</kind>
         <file>rts2800_fpu32_eabi.lib</file>
         <name>startup.c.obj</name>
      </input_file>
      <input_file id="fl-3b">
         <path>D:\ti\c2000\C2000Ware_26_00_00_00\driverlib\f2837xd\driverlib\ccs\Release\</path>
         <kind>archive</kind>
         <file>driverlib_eabi.lib</file>
         <name>cla.obj</name>
      </input_file>
      <input_file id="fl-3c">
         <path>D:\ti\c2000\C2000Ware_26_00_00_00\driverlib\f2837xd\driverlib\ccs\Release\</path>
         <kind>archive</kind>
         <file>driverlib_eabi.lib</file>
         <name>flash.obj</name>
      </input_file>
      <input_file id="fl-3d">
         <path>D:\ti\c2000\C2000Ware_26_00_00_00\driverlib\f2837xd\driverlib\ccs\Release\</path>
         <kind>archive</kind>
         <file>driverlib_eabi.lib</file>
         <name>gpio.obj</name>
      </input_file>
      <input_file id="fl-3e">
         <path>D:\ti\c2000\C2000Ware_26_00_00_00\driverlib\f2837xd\driverlib\ccs\Release\</path>
         <kind>archive</kind>
         <file>driverlib_eabi.lib</file>
         <name>interrupt.obj</name>
      </input_file>
      <input_file id="fl-3f">
         <path>D:\ti\c2000\C2000Ware_26_00_00_00\driverlib\f2837xd\driverlib\ccs\Release\</path>
         <kind>archive</kind>
         <file>driverlib_eabi.lib</file>
         <name>memcfg.obj</name>
      </input_file>
      <input_file id="fl-40">
         <path>D:\ti\c2000\C2000Ware_26_00_00_00\driverlib\f2837xd\driverlib\ccs\Release\</path>
         <kind>archive</kind>
         <file>driverlib_eabi.lib</file>
         <name>sysctl.obj</name>
      </input_file>
      <input_file id="fl-41">
         <path>D:\ti\ccs1281\ccs\tools\compiler\ti-cgt-c2000_22.6.1.LTS\lib\</path>
         <kind>archive</kind>
         <file>rts2800_fpu32_eabi.lib</file>
         <name>fs_div28.asm.obj</name>
      </input_file>
   </input_file_list>
   <object_component_list>
      <object_component id="oc-28">
         <name>codestart</name>
         <load_address>0x80000</load_address>
         <run_address>0x80000</run_address>
         <size>0x2</size>
         <input_file_ref idref="fl-6"/>
      </object_component>
      <object_component id="oc-2e">
         <name>.text</name>
         <load_address>0x80008</load_address>
         <run_address>0x80008</run_address>
         <size>0x5de</size>
         <input_file_ref idref="fl-2"/>
      </object_component>
      <object_component id="oc-75">
         <name>.text</name>
         <load_address>0x805e6</load_address>
         <run_address>0x805e6</run_address>
         <size>0x466</size>
         <input_file_ref idref="fl-3"/>
      </object_component>
      <object_component id="oc-128">
         <name>.text:SysCtl_setClock</name>
         <load_address>0x80a4c</load_address>
         <run_address>0x80a4c</run_address>
         <size>0x1cd</size>
         <input_file_ref idref="fl-40"/>
      </object_component>
      <object_component id="oc-2d">
         <name>.text:retain</name>
         <load_address>0x80c19</load_address>
         <run_address>0x80c19</run_address>
         <size>0x17b</size>
         <input_file_ref idref="fl-b"/>
      </object_component>
      <object_component id="oc-1fa">
         <name>.text:SysCtl_selectXTAL</name>
         <load_address>0x80d94</load_address>
         <run_address>0x80d94</run_address>
         <size>0xb1</size>
         <input_file_ref idref="fl-40"/>
      </object_component>
      <object_component id="oc-192">
         <name>.text</name>
         <load_address>0x80e45</load_address>
         <run_address>0x80e45</run_address>
         <size>0x88</size>
         <input_file_ref idref="fl-41"/>
      </object_component>
      <object_component id="oc-21a">
         <name>.text</name>
         <load_address>0x80ecd</load_address>
         <run_address>0x80ecd</run_address>
         <size>0x7d</size>
         <input_file_ref idref="fl-8"/>
      </object_component>
      <object_component id="oc-db">
         <name>.text:MemCfg_getInitStatus</name>
         <load_address>0x80f4a</load_address>
         <run_address>0x80f4a</run_address>
         <size>0x53</size>
         <input_file_ref idref="fl-3f"/>
      </object_component>
      <object_component id="oc-ed">
         <name>.text:MemCfg_setProtection</name>
         <load_address>0x80f9d</load_address>
         <run_address>0x80f9d</run_address>
         <size>0x49</size>
         <input_file_ref idref="fl-3f"/>
      </object_component>
      <object_component id="oc-134">
         <name>.text:SysCtl_getClock</name>
         <load_address>0x80fe6</load_address>
         <run_address>0x80fe6</run_address>
         <size>0x46</size>
         <input_file_ref idref="fl-40"/>
      </object_component>
      <object_component id="oc-122">
         <name>.text:SysCtl_getDeviceParametric</name>
         <load_address>0x8102c</load_address>
         <run_address>0x8102c</run_address>
         <size>0x44</size>
         <input_file_ref idref="fl-40"/>
      </object_component>
      <object_component id="oc-d5">
         <name>.text:MemCfg_initSections</name>
         <load_address>0x81070</load_address>
         <run_address>0x81070</run_address>
         <size>0x43</size>
         <input_file_ref idref="fl-3f"/>
      </object_component>
      <object_component id="oc-242">
         <name>.text:Interrupt_initModule</name>
         <load_address>0x810b3</load_address>
         <run_address>0x810b3</run_address>
         <size>0x41</size>
         <input_file_ref idref="fl-3e"/>
      </object_component>
      <object_component id="oc-b7">
         <name>.text:GPIO_setPadConfig</name>
         <load_address>0x810f4</load_address>
         <run_address>0x810f4</run_address>
         <size>0x3f</size>
         <input_file_ref idref="fl-3d"/>
      </object_component>
      <object_component id="oc-12e">
         <name>.text:SysCtl_selectOscSourceAuxPLL</name>
         <load_address>0x81133</load_address>
         <run_address>0x81133</run_address>
         <size>0x37</size>
         <input_file_ref idref="fl-40"/>
      </object_component>
      <object_component id="oc-cf">
         <name>.text:Interrupt_enable</name>
         <load_address>0x8116a</load_address>
         <run_address>0x8116a</run_address>
         <size>0x36</size>
         <input_file_ref idref="fl-3e"/>
      </object_component>
      <object_component id="oc-6e">
         <name>.text</name>
         <load_address>0x811a0</load_address>
         <run_address>0x811a0</run_address>
         <size>0x33</size>
         <input_file_ref idref="fl-b"/>
      </object_component>
      <object_component id="oc-7b">
         <name>.text:GPIO_setPinConfig</name>
         <load_address>0x811d3</load_address>
         <run_address>0x811d3</run_address>
         <size>0x30</size>
         <input_file_ref idref="fl-3d"/>
      </object_component>
      <object_component id="oc-1b">
         <name>.text:decompress:lzss</name>
         <load_address>0x81203</load_address>
         <run_address>0x81203</run_address>
         <size>0x30</size>
         <input_file_ref idref="fl-32"/>
      </object_component>
      <object_component id="oc-17f">
         <name>.text</name>
         <load_address>0x81233</load_address>
         <run_address>0x81233</run_address>
         <size>0x30</size>
         <input_file_ref idref="fl-2c"/>
      </object_component>
      <object_component id="oc-18b">
         <name>.text:SysCtl_selectOscSource</name>
         <load_address>0x81263</load_address>
         <run_address>0x81263</run_address>
         <size>0x2b</size>
         <input_file_ref idref="fl-40"/>
      </object_component>
      <object_component id="oc-1af">
         <name>.text:__TI_auto_init_nobinit_nopinit</name>
         <load_address>0x8128e</load_address>
         <run_address>0x8128e</run_address>
         <size>0x2b</size>
         <input_file_ref idref="fl-2f"/>
      </object_component>
      <object_component id="oc-178">
         <name>.text</name>
         <load_address>0x812b9</load_address>
         <run_address>0x812b9</run_address>
         <size>0x29</size>
         <input_file_ref idref="fl-33"/>
      </object_component>
      <object_component id="oc-e1">
         <name>.text:MemCfg_setLSRAMControllerSel</name>
         <load_address>0x812e2</load_address>
         <run_address>0x812e2</run_address>
         <size>0x25</size>
         <input_file_ref idref="fl-3f"/>
      </object_component>
      <object_component id="oc-214">
         <name>.text</name>
         <load_address>0x81307</load_address>
         <run_address>0x81307</run_address>
         <size>0x24</size>
         <input_file_ref idref="fl-a"/>
      </object_component>
      <object_component id="oc-c9">
         <name>.text:GPIO_setControllerCore</name>
         <load_address>0x8132b</load_address>
         <run_address>0x8132b</run_address>
         <size>0x22</size>
         <input_file_ref idref="fl-3d"/>
      </object_component>
      <object_component id="oc-bd">
         <name>.text:GPIO_setQualificationMode</name>
         <load_address>0x8134d</load_address>
         <run_address>0x8134d</run_address>
         <size>0x22</size>
         <input_file_ref idref="fl-3d"/>
      </object_component>
      <object_component id="oc-c3">
         <name>.text:GPIO_setDirectionMode</name>
         <load_address>0x8136f</load_address>
         <run_address>0x8136f</run_address>
         <size>0x20</size>
         <input_file_ref idref="fl-3d"/>
      </object_component>
      <object_component id="oc-54">
         <name>.text</name>
         <load_address>0x8138f</load_address>
         <run_address>0x8138f</run_address>
         <size>0x1d</size>
         <input_file_ref idref="fl-2d"/>
      </object_component>
      <object_component id="oc-87">
         <name>.text:CLA_setTriggerSource</name>
         <load_address>0x813ac</load_address>
         <run_address>0x813ac</run_address>
         <size>0x1c</size>
         <input_file_ref idref="fl-3b"/>
      </object_component>
      <object_component id="oc-e7">
         <name>.text:MemCfg_setGSRAMControllerSel</name>
         <load_address>0x813c8</load_address>
         <run_address>0x813c8</run_address>
         <size>0x1a</size>
         <input_file_ref idref="fl-3f"/>
      </object_component>
      <object_component id="oc-10d">
         <name>.text</name>
         <load_address>0x813e2</load_address>
         <run_address>0x813e2</run_address>
         <size>0x17</size>
         <input_file_ref idref="fl-2b"/>
      </object_component>
      <object_component id="oc-3f">
         <name>.text:Interrupt_initVectorTable</name>
         <load_address>0x813f9</load_address>
         <run_address>0x813f9</run_address>
         <size>0x15</size>
         <input_file_ref idref="fl-3e"/>
      </object_component>
      <object_component id="oc-13a">
         <name>.text:SysCtl_getLowSpeedClock</name>
         <load_address>0x8140e</load_address>
         <run_address>0x8140e</run_address>
         <size>0x15</size>
         <input_file_ref idref="fl-40"/>
      </object_component>
      <object_component id="oc-236">
         <name>.text:SysCtl_pollCpuTimer</name>
         <load_address>0x81423</load_address>
         <run_address>0x81423</run_address>
         <size>0xf</size>
         <input_file_ref idref="fl-40"/>
      </object_component>
      <object_component id="oc-4c">
         <name>.text:Interrupt_defaultHandler</name>
         <load_address>0x81432</load_address>
         <run_address>0x81432</run_address>
         <size>0xc</size>
         <input_file_ref idref="fl-3e"/>
      </object_component>
      <object_component id="oc-116">
         <name>.text</name>
         <load_address>0x8143e</load_address>
         <run_address>0x8143e</run_address>
         <size>0xc</size>
         <input_file_ref idref="fl-4"/>
      </object_component>
      <object_component id="oc-172">
         <name>.text</name>
         <load_address>0x8144a</load_address>
         <run_address>0x8144a</run_address>
         <size>0xc</size>
         <input_file_ref idref="fl-35"/>
      </object_component>
      <object_component id="oc-46">
         <name>.text:Interrupt_illegalOperationHandler</name>
         <load_address>0x81456</load_address>
         <run_address>0x81456</run_address>
         <size>0xa</size>
         <input_file_ref idref="fl-3e"/>
      </object_component>
      <object_component id="oc-3a">
         <name>.text:Interrupt_nmiHandler</name>
         <load_address>0x81460</load_address>
         <run_address>0x81460</run_address>
         <size>0xa</size>
         <input_file_ref idref="fl-3e"/>
      </object_component>
      <object_component id="oc-1df">
         <name>.text</name>
         <load_address>0x8146a</load_address>
         <run_address>0x8146a</run_address>
         <size>0x9</size>
         <input_file_ref idref="fl-7"/>
      </object_component>
      <object_component id="oc-227">
         <name>.text</name>
         <load_address>0x81473</load_address>
         <run_address>0x81473</run_address>
         <size>0x9</size>
         <input_file_ref idref="fl-34"/>
      </object_component>
      <object_component id="oc-21">
         <name>.text:decompress:none</name>
         <load_address>0x8147c</load_address>
         <run_address>0x8147c</run_address>
         <size>0x8</size>
         <input_file_ref idref="fl-31"/>
      </object_component>
      <object_component id="oc-68">
         <name>.text</name>
         <load_address>0x81484</load_address>
         <run_address>0x81484</run_address>
         <size>0x8</size>
         <input_file_ref idref="fl-6"/>
      </object_component>
      <object_component id="oc-248">
         <name>.text</name>
         <load_address>0x8148c</load_address>
         <run_address>0x8148c</run_address>
         <size>0x3</size>
         <input_file_ref idref="fl-9"/>
      </object_component>
      <object_component id="oc-16b">
         <name>.text</name>
         <load_address>0x8148f</load_address>
         <run_address>0x8148f</run_address>
         <size>0x2</size>
         <input_file_ref idref="fl-2e"/>
      </object_component>
      <object_component id="oc-24e">
         <name>.text</name>
         <load_address>0x81491</load_address>
         <run_address>0x81491</run_address>
         <size>0x1</size>
         <input_file_ref idref="fl-5"/>
      </object_component>
      <object_component id="oc-205">
         <name>.text</name>
         <load_address>0x81492</load_address>
         <run_address>0x81492</run_address>
         <size>0x1</size>
         <input_file_ref idref="fl-37"/>
      </object_component>
      <object_component id="oc-11c">
         <name>.TI.ramfunc:Flash_initModule</name>
         <load_address>0x86000</load_address>
         <run_address>0xc000</run_address>
         <size>0x46</size>
         <input_file_ref idref="fl-3c"/>
      </object_component>
      <object_component id="oc-191">
         <name>.TI.ramfunc</name>
         <load_address>0x86046</load_address>
         <run_address>0xc046</run_address>
         <size>0x4</size>
         <input_file_ref idref="fl-40"/>
      </object_component>
      <object_component id="oc-27d">
         <name>.binit</name>
         <load_address>0x88000</load_address>
         <run_address>0x88000</run_address>
         <size>0x0</size>
      </object_component>
      <object_component id="oc-27c">
         <name>.ovly:copyTable_cla1Prog</name>
         <load_address>0x88240</load_address>
         <run_address>0x88240</run_address>
         <size>0x8</size>
      </object_component>
      <object_component id="oc-27b">
         <name>.ovly:copyTable_ramfunc</name>
         <load_address>0x88248</load_address>
         <run_address>0x88248</run_address>
         <size>0x8</size>
      </object_component>
      <object_component id="oc-2ac">
         <name>.cinit..data.load</name>
         <load_address>0x90000</load_address>
         <run_address>0x90000</run_address>
         <size>0x9</size>
      </object_component>
      <object_component id="oc-2aa">
         <name>__TI_handler_table</name>
         <load_address>0x9000a</load_address>
         <run_address>0x9000a</run_address>
         <size>0x4</size>
      </object_component>
      <object_component id="oc-2ab">
         <name>__TI_cinit_table</name>
         <load_address>0x9000e</load_address>
         <run_address>0x9000e</run_address>
         <size>0x4</size>
      </object_component>
      <object_component id="oc-39">
         <name>.stack</name>
         <uninitialized>true</uninitialized>
         <run_address>0x400</run_address>
         <size>0x0</size>
         <input_file_ref idref="fl-2b"/>
      </object_component>
      <object_component id="oc-2ad">
         <name>.stack</name>
         <uninitialized>true</uninitialized>
         <run_address>0x400</run_address>
         <size>0x0</size>
      </object_component>
      <object_component id="oc-74">
         <name>.const:.string</name>
         <load_address>0x88000</load_address>
         <run_address>0x88000</run_address>
         <size>0x119</size>
         <input_file_ref idref="fl-2"/>
      </object_component>
      <object_component id="oc-256">
         <name>.const:.string</name>
         <load_address>0x8811a</load_address>
         <run_address>0x8811a</run_address>
         <size>0x89</size>
         <input_file_ref idref="fl-8"/>
      </object_component>
      <object_component id="oc-115">
         <name>.const:.string</name>
         <load_address>0x881a4</load_address>
         <run_address>0x881a4</run_address>
         <size>0x54</size>
         <input_file_ref idref="fl-3"/>
      </object_component>
      <object_component id="oc-113">
         <name>.const:.string</name>
         <load_address>0x881f8</load_address>
         <run_address>0x881f8</run_address>
         <size>0x45</size>
         <input_file_ref idref="fl-b"/>
      </object_component>
      <object_component id="oc-1e7">
         <name>.data</name>
         <load_address>0xc04a</load_address>
         <run_address>0xc04a</run_address>
         <size>0x6</size>
         <input_file_ref idref="fl-33"/>
      </object_component>
      <object_component id="oc-1ea">
         <name>.data:_lock</name>
         <load_address>0xc050</load_address>
         <run_address>0xc050</run_address>
         <size>0x2</size>
         <input_file_ref idref="fl-34"/>
      </object_component>
      <object_component id="oc-25c">
         <name>.data:_unlock</name>
         <load_address>0xc052</load_address>
         <run_address>0xc052</run_address>
         <size>0x2</size>
         <input_file_ref idref="fl-34"/>
      </object_component>
      <object_component id="oc-81">
         <name>Cla1Prog:Cla1Task1</name>
         <load_address>0xb0000</load_address>
         <run_address>0xa000</run_address>
         <size>0x18</size>
         <input_file_ref idref="fl-d"/>
      </object_component>
      <object_component id="oc-8d">
         <name>Cla1Prog:Cla1Task2</name>
         <load_address>0xb0018</load_address>
         <run_address>0xa018</run_address>
         <size>0x18</size>
         <input_file_ref idref="fl-d"/>
      </object_component>
      <object_component id="oc-93">
         <name>Cla1Prog:Cla1Task3</name>
         <load_address>0xb0030</load_address>
         <run_address>0xa030</run_address>
         <size>0x18</size>
         <input_file_ref idref="fl-d"/>
      </object_component>
      <object_component id="oc-99">
         <name>Cla1Prog:Cla1Task4</name>
         <load_address>0xb0048</load_address>
         <run_address>0xa048</run_address>
         <size>0x18</size>
         <input_file_ref idref="fl-d"/>
      </object_component>
      <object_component id="oc-9f">
         <name>Cla1Prog:Cla1Task5</name>
         <load_address>0xb0060</load_address>
         <run_address>0xa060</run_address>
         <size>0x18</size>
         <input_file_ref idref="fl-d"/>
      </object_component>
      <object_component id="oc-a5">
         <name>Cla1Prog:Cla1Task6</name>
         <load_address>0xb0078</load_address>
         <run_address>0xa078</run_address>
         <size>0x18</size>
         <input_file_ref idref="fl-d"/>
      </object_component>
      <object_component id="oc-ab">
         <name>Cla1Prog:Cla1Task7</name>
         <load_address>0xb0090</load_address>
         <run_address>0xa090</run_address>
         <size>0x18</size>
         <input_file_ref idref="fl-d"/>
      </object_component>
      <object_component id="oc-b1">
         <name>Cla1Prog:Cla1Task8</name>
         <load_address>0xb00a8</load_address>
         <run_address>0xa0a8</run_address>
         <size>0x18</size>
         <input_file_ref idref="fl-d"/>
      </object_component>
      <object_component id="oc-f4">
         <name>.debug_types</name>
         <load_address>0x0</load_address>
         <run_address>0x0</run_address>
         <size>0x1be9</size>
         <input_file_ref idref="fl-2"/>
      </object_component>
      <object_component id="oc-141">
         <name>.debug_types</name>
         <load_address>0x1be9</load_address>
         <run_address>0x1be9</run_address>
         <size>0x58c</size>
         <input_file_ref idref="fl-3"/>
      </object_component>
      <object_component id="oc-186">
         <name>.debug_types</name>
         <load_address>0x2175</load_address>
         <run_address>0x2175</run_address>
         <size>0x1c4</size>
         <input_file_ref idref="fl-4"/>
      </object_component>
      <object_component id="oc-26b">
         <name>.debug_types</name>
         <load_address>0x0</load_address>
         <run_address>0x0</run_address>
         <size>0x0</size>
         <input_file_ref idref="fl-5"/>
      </object_component>
      <object_component id="oc-221">
         <name>.debug_types</name>
         <load_address>0x0</load_address>
         <run_address>0x0</run_address>
         <size>0x0</size>
         <input_file_ref idref="fl-7"/>
      </object_component>
      <object_component id="oc-258">
         <name>.debug_types</name>
         <load_address>0x0</load_address>
         <run_address>0x0</run_address>
         <size>0x0</size>
         <input_file_ref idref="fl-8"/>
      </object_component>
      <object_component id="oc-269">
         <name>.debug_types</name>
         <load_address>0x0</load_address>
         <run_address>0x0</run_address>
         <size>0x0</size>
         <input_file_ref idref="fl-9"/>
      </object_component>
      <object_component id="oc-255">
         <name>.debug_types</name>
         <load_address>0x0</load_address>
         <run_address>0x0</run_address>
         <size>0x0</size>
         <input_file_ref idref="fl-a"/>
      </object_component>
      <object_component id="oc-f6">
         <name>.debug_types</name>
         <load_address>0x0</load_address>
         <run_address>0x0</run_address>
         <size>0x0</size>
         <input_file_ref idref="fl-b"/>
      </object_component>
      <object_component id="oc-145">
         <name>.debug_types</name>
         <load_address>0x2339</load_address>
         <run_address>0x2339</run_address>
         <size>0xae</size>
         <input_file_ref idref="fl-d"/>
      </object_component>
      <object_component id="oc-1f0">
         <name>.debug_types</name>
         <load_address>0x23e7</load_address>
         <run_address>0x23e7</run_address>
         <size>0x157</size>
         <input_file_ref idref="fl-2c"/>
      </object_component>
      <object_component id="oc-100">
         <name>.debug_types</name>
         <load_address>0x253e</load_address>
         <run_address>0x253e</run_address>
         <size>0x117</size>
         <input_file_ref idref="fl-2d"/>
      </object_component>
      <object_component id="oc-1ae">
         <name>.debug_types</name>
         <load_address>0x0</load_address>
         <run_address>0x0</run_address>
         <size>0x0</size>
         <input_file_ref idref="fl-2e"/>
      </object_component>
      <object_component id="oc-20c">
         <name>.debug_types</name>
         <load_address>0x2655</load_address>
         <run_address>0x2655</run_address>
         <size>0x1af</size>
         <input_file_ref idref="fl-2f"/>
      </object_component>
      <object_component id="oc-5b">
         <name>.debug_types</name>
         <load_address>0x2804</load_address>
         <run_address>0x2804</run_address>
         <size>0x194</size>
         <input_file_ref idref="fl-31"/>
      </object_component>
      <object_component id="oc-53">
         <name>.debug_types</name>
         <load_address>0x2998</load_address>
         <run_address>0x2998</run_address>
         <size>0x191</size>
         <input_file_ref idref="fl-32"/>
      </object_component>
      <object_component id="oc-1ee">
         <name>.debug_types</name>
         <load_address>0x2b29</load_address>
         <run_address>0x2b29</run_address>
         <size>0xbf</size>
         <input_file_ref idref="fl-33"/>
      </object_component>
      <object_component id="oc-22f">
         <name>.debug_types</name>
         <load_address>0x2be8</load_address>
         <run_address>0x2be8</run_address>
         <size>0x2f</size>
         <input_file_ref idref="fl-34"/>
      </object_component>
      <object_component id="oc-1e6">
         <name>.debug_types</name>
         <load_address>0x2c17</load_address>
         <run_address>0x2c17</run_address>
         <size>0xe1</size>
         <input_file_ref idref="fl-35"/>
      </object_component>
      <object_component id="oc-23e">
         <name>.debug_types</name>
         <load_address>0x0</load_address>
         <run_address>0x0</run_address>
         <size>0x0</size>
         <input_file_ref idref="fl-37"/>
      </object_component>
      <object_component id="oc-147">
         <name>.debug_types</name>
         <load_address>0x2cf8</load_address>
         <run_address>0x2cf8</run_address>
         <size>0x5e</size>
         <input_file_ref idref="fl-3b"/>
      </object_component>
      <object_component id="oc-188">
         <name>.debug_types</name>
         <load_address>0x2d56</load_address>
         <run_address>0x2d56</run_address>
         <size>0x235</size>
         <input_file_ref idref="fl-3c"/>
      </object_component>
      <object_component id="oc-143">
         <name>.debug_types</name>
         <load_address>0x2f8b</load_address>
         <run_address>0x2f8b</run_address>
         <size>0x3af</size>
         <input_file_ref idref="fl-3d"/>
      </object_component>
      <object_component id="oc-f8">
         <name>.debug_types</name>
         <load_address>0x0</load_address>
         <run_address>0x0</run_address>
         <size>0x0</size>
         <input_file_ref idref="fl-3e"/>
      </object_component>
      <object_component id="oc-155">
         <name>.debug_types</name>
         <load_address>0x333a</load_address>
         <run_address>0x333a</run_address>
         <size>0x16c</size>
         <input_file_ref idref="fl-3f"/>
      </object_component>
      <object_component id="oc-18a">
         <name>.debug_types</name>
         <load_address>0x34a6</load_address>
         <run_address>0x34a6</run_address>
         <size>0x254</size>
         <input_file_ref idref="fl-40"/>
      </object_component>
      <object_component id="oc-31">
         <name>.debug_info</name>
         <load_address>0x0</load_address>
         <run_address>0x0</run_address>
         <size>0x2cec</size>
         <input_file_ref idref="fl-2"/>
      </object_component>
      <object_component id="oc-78">
         <name>.debug_info</name>
         <load_address>0x2cec</load_address>
         <run_address>0x2cec</run_address>
         <size>0x1ed1</size>
         <input_file_ref idref="fl-3"/>
      </object_component>
      <object_component id="oc-118">
         <name>.debug_info</name>
         <load_address>0x4bbd</load_address>
         <run_address>0x4bbd</run_address>
         <size>0x189</size>
         <input_file_ref idref="fl-4"/>
      </object_component>
      <object_component id="oc-252">
         <name>.debug_info</name>
         <load_address>0x4d46</load_address>
         <run_address>0x4d46</run_address>
         <size>0x13f</size>
         <input_file_ref idref="fl-5"/>
      </object_component>
      <object_component id="oc-2a">
         <name>.debug_info</name>
         <load_address>0x4e85</load_address>
         <run_address>0x4e85</run_address>
         <size>0x186</size>
         <input_file_ref idref="fl-6"/>
      </object_component>
      <object_component id="oc-6b">
         <name>.debug_info</name>
         <load_address>0x500b</load_address>
         <run_address>0x500b</run_address>
         <size>0x187</size>
         <input_file_ref idref="fl-6"/>
      </object_component>
      <object_component id="oc-1e0">
         <name>.debug_info</name>
         <load_address>0x5192</load_address>
         <run_address>0x5192</run_address>
         <size>0x147</size>
         <input_file_ref idref="fl-7"/>
      </object_component>
      <object_component id="oc-21d">
         <name>.debug_info</name>
         <load_address>0x52d9</load_address>
         <run_address>0x52d9</run_address>
         <size>0x552</size>
         <input_file_ref idref="fl-8"/>
      </object_component>
      <object_component id="oc-249">
         <name>.debug_info</name>
         <load_address>0x582b</load_address>
         <run_address>0x582b</run_address>
         <size>0x171</size>
         <input_file_ref idref="fl-9"/>
      </object_component>
      <object_component id="oc-218">
         <name>.debug_info</name>
         <load_address>0x599c</load_address>
         <run_address>0x599c</run_address>
         <size>0x382</size>
         <input_file_ref idref="fl-a"/>
      </object_component>
      <object_component id="oc-6f">
         <name>.debug_info</name>
         <load_address>0x5d1e</load_address>
         <run_address>0x5d1e</run_address>
         <size>0x327</size>
         <input_file_ref idref="fl-b"/>
      </object_component>
      <object_component id="oc-35">
         <name>.debug_info</name>
         <load_address>0x6045</load_address>
         <run_address>0x6045</run_address>
         <size>0x4fd</size>
         <input_file_ref idref="fl-b"/>
      </object_component>
      <object_component id="oc-82">
         <name>.debug_info</name>
         <load_address>0x6542</load_address>
         <run_address>0x6542</run_address>
         <size>0x154</size>
         <input_file_ref idref="fl-d"/>
      </object_component>
      <object_component id="oc-8e">
         <name>.debug_info</name>
         <load_address>0x6696</load_address>
         <run_address>0x6696</run_address>
         <size>0x154</size>
         <input_file_ref idref="fl-d"/>
      </object_component>
      <object_component id="oc-94">
         <name>.debug_info</name>
         <load_address>0x67ea</load_address>
         <run_address>0x67ea</run_address>
         <size>0x154</size>
         <input_file_ref idref="fl-d"/>
      </object_component>
      <object_component id="oc-9a">
         <name>.debug_info</name>
         <load_address>0x693e</load_address>
         <run_address>0x693e</run_address>
         <size>0x154</size>
         <input_file_ref idref="fl-d"/>
      </object_component>
      <object_component id="oc-a0">
         <name>.debug_info</name>
         <load_address>0x6a92</load_address>
         <run_address>0x6a92</run_address>
         <size>0x154</size>
         <input_file_ref idref="fl-d"/>
      </object_component>
      <object_component id="oc-a6">
         <name>.debug_info</name>
         <load_address>0x6be6</load_address>
         <run_address>0x6be6</run_address>
         <size>0x154</size>
         <input_file_ref idref="fl-d"/>
      </object_component>
      <object_component id="oc-ac">
         <name>.debug_info</name>
         <load_address>0x6d3a</load_address>
         <run_address>0x6d3a</run_address>
         <size>0x154</size>
         <input_file_ref idref="fl-d"/>
      </object_component>
      <object_component id="oc-b3">
         <name>.debug_info</name>
         <load_address>0x6e8e</load_address>
         <run_address>0x6e8e</run_address>
         <size>0x154</size>
         <input_file_ref idref="fl-d"/>
      </object_component>
      <object_component id="oc-10f">
         <name>.debug_info</name>
         <load_address>0x6fe2</load_address>
         <run_address>0x6fe2</run_address>
         <size>0x158</size>
         <input_file_ref idref="fl-2b"/>
      </object_component>
      <object_component id="oc-183">
         <name>.debug_info</name>
         <load_address>0x713a</load_address>
         <run_address>0x713a</run_address>
         <size>0x194</size>
         <input_file_ref idref="fl-2c"/>
      </object_component>
      <object_component id="oc-56">
         <name>.debug_info</name>
         <load_address>0x72ce</load_address>
         <run_address>0x72ce</run_address>
         <size>0x19b</size>
         <input_file_ref idref="fl-2d"/>
      </object_component>
      <object_component id="oc-16f">
         <name>.debug_info</name>
         <load_address>0x7469</load_address>
         <run_address>0x7469</run_address>
         <size>0x14d</size>
         <input_file_ref idref="fl-2e"/>
      </object_component>
      <object_component id="oc-1b1">
         <name>.debug_info</name>
         <load_address>0x75b6</load_address>
         <run_address>0x75b6</run_address>
         <size>0x1bf</size>
         <input_file_ref idref="fl-2f"/>
      </object_component>
      <object_component id="oc-22">
         <name>.debug_info</name>
         <load_address>0x7775</load_address>
         <run_address>0x7775</run_address>
         <size>0x1b7</size>
         <input_file_ref idref="fl-31"/>
      </object_component>
      <object_component id="oc-1f">
         <name>.debug_info</name>
         <load_address>0x792c</load_address>
         <run_address>0x792c</run_address>
         <size>0x219</size>
         <input_file_ref idref="fl-32"/>
      </object_component>
      <object_component id="oc-1e8">
         <name>.debug_info</name>
         <load_address>0x7b45</load_address>
         <run_address>0x7b45</run_address>
         <size>0x19e</size>
         <input_file_ref idref="fl-33"/>
      </object_component>
      <object_component id="oc-17c">
         <name>.debug_info</name>
         <load_address>0x7ce3</load_address>
         <run_address>0x7ce3</run_address>
         <size>0x1a9</size>
         <input_file_ref idref="fl-33"/>
      </object_component>
      <object_component id="oc-1eb">
         <name>.debug_info</name>
         <load_address>0x7e8c</load_address>
         <run_address>0x7e8c</run_address>
         <size>0x107</size>
         <input_file_ref idref="fl-34"/>
      </object_component>
      <object_component id="oc-25d">
         <name>.debug_info</name>
         <load_address>0x7f93</load_address>
         <run_address>0x7f93</run_address>
         <size>0x10b</size>
         <input_file_ref idref="fl-34"/>
      </object_component>
      <object_component id="oc-229">
         <name>.debug_info</name>
         <load_address>0x809e</load_address>
         <run_address>0x809e</run_address>
         <size>0x203</size>
         <input_file_ref idref="fl-34"/>
      </object_component>
      <object_component id="oc-176">
         <name>.debug_info</name>
         <load_address>0x82a1</load_address>
         <run_address>0x82a1</run_address>
         <size>0x15d</size>
         <input_file_ref idref="fl-35"/>
      </object_component>
      <object_component id="oc-207">
         <name>.debug_info</name>
         <load_address>0x83fe</load_address>
         <run_address>0x83fe</run_address>
         <size>0x147</size>
         <input_file_ref idref="fl-37"/>
      </object_component>
      <object_component id="oc-89">
         <name>.debug_info</name>
         <load_address>0x8545</load_address>
         <run_address>0x8545</run_address>
         <size>0x263</size>
         <input_file_ref idref="fl-3b"/>
      </object_component>
      <object_component id="oc-120">
         <name>.debug_info</name>
         <load_address>0x87a8</load_address>
         <run_address>0x87a8</run_address>
         <size>0x25f</size>
         <input_file_ref idref="fl-3c"/>
      </object_component>
      <object_component id="oc-c0">
         <name>.debug_info</name>
         <load_address>0x8a07</load_address>
         <run_address>0x8a07</run_address>
         <size>0x246</size>
         <input_file_ref idref="fl-3d"/>
      </object_component>
      <object_component id="oc-7d">
         <name>.debug_info</name>
         <load_address>0x8c4d</load_address>
         <run_address>0x8c4d</run_address>
         <size>0x210</size>
         <input_file_ref idref="fl-3d"/>
      </object_component>
      <object_component id="oc-ba">
         <name>.debug_info</name>
         <load_address>0x8e5d</load_address>
         <run_address>0x8e5d</run_address>
         <size>0x254</size>
         <input_file_ref idref="fl-3d"/>
      </object_component>
      <object_component id="oc-c5">
         <name>.debug_info</name>
         <load_address>0x90b1</load_address>
         <run_address>0x90b1</run_address>
         <size>0x257</size>
         <input_file_ref idref="fl-3d"/>
      </object_component>
      <object_component id="oc-cd">
         <name>.debug_info</name>
         <load_address>0x9308</load_address>
         <run_address>0x9308</run_address>
         <size>0x22e</size>
         <input_file_ref idref="fl-3d"/>
      </object_component>
      <object_component id="oc-3b">
         <name>.debug_info</name>
         <load_address>0x9536</load_address>
         <run_address>0x9536</run_address>
         <size>0x1ea</size>
         <input_file_ref idref="fl-3e"/>
      </object_component>
      <object_component id="oc-40">
         <name>.debug_info</name>
         <load_address>0x9720</load_address>
         <run_address>0x9720</run_address>
         <size>0x200</size>
         <input_file_ref idref="fl-3e"/>
      </object_component>
      <object_component id="oc-245">
         <name>.debug_info</name>
         <load_address>0x9920</load_address>
         <run_address>0x9920</run_address>
         <size>0x1f4</size>
         <input_file_ref idref="fl-3e"/>
      </object_component>
      <object_component id="oc-49">
         <name>.debug_info</name>
         <load_address>0x9b14</load_address>
         <run_address>0x9b14</run_address>
         <size>0x204</size>
         <input_file_ref idref="fl-3e"/>
      </object_component>
      <object_component id="oc-d1">
         <name>.debug_info</name>
         <load_address>0x9d18</load_address>
         <run_address>0x9d18</run_address>
         <size>0x23c</size>
         <input_file_ref idref="fl-3e"/>
      </object_component>
      <object_component id="oc-4e">
         <name>.debug_info</name>
         <load_address>0x9f54</load_address>
         <run_address>0x9f54</run_address>
         <size>0x1f2</size>
         <input_file_ref idref="fl-3e"/>
      </object_component>
      <object_component id="oc-f0">
         <name>.debug_info</name>
         <load_address>0xa146</load_address>
         <run_address>0xa146</run_address>
         <size>0x2ae</size>
         <input_file_ref idref="fl-3f"/>
      </object_component>
      <object_component id="oc-e3">
         <name>.debug_info</name>
         <load_address>0xa3f4</load_address>
         <run_address>0xa3f4</run_address>
         <size>0x26c</size>
         <input_file_ref idref="fl-3f"/>
      </object_component>
      <object_component id="oc-e8">
         <name>.debug_info</name>
         <load_address>0xa660</load_address>
         <run_address>0xa660</run_address>
         <size>0x276</size>
         <input_file_ref idref="fl-3f"/>
      </object_component>
      <object_component id="oc-d8">
         <name>.debug_info</name>
         <load_address>0xa8d6</load_address>
         <run_address>0xa8d6</run_address>
         <size>0x21c</size>
         <input_file_ref idref="fl-3f"/>
      </object_component>
      <object_component id="oc-dd">
         <name>.debug_info</name>
         <load_address>0xaaf2</load_address>
         <run_address>0xaaf2</run_address>
         <size>0x238</size>
         <input_file_ref idref="fl-3f"/>
      </object_component>
      <object_component id="oc-237">
         <name>.debug_info</name>
         <load_address>0xad2a</load_address>
         <run_address>0xad2a</run_address>
         <size>0x1fe</size>
         <input_file_ref idref="fl-40"/>
      </object_component>
      <object_component id="oc-1fb">
         <name>.debug_info</name>
         <load_address>0xaf28</load_address>
         <run_address>0xaf28</run_address>
         <size>0x2fa</size>
         <input_file_ref idref="fl-40"/>
      </object_component>
      <object_component id="oc-18c">
         <name>.debug_info</name>
         <load_address>0xb222</load_address>
         <run_address>0xb222</run_address>
         <size>0x220</size>
         <input_file_ref idref="fl-40"/>
      </object_component>
      <object_component id="oc-12c">
         <name>.debug_info</name>
         <load_address>0xb442</load_address>
         <run_address>0xb442</run_address>
         <size>0x404</size>
         <input_file_ref idref="fl-40"/>
      </object_component>
      <object_component id="oc-131">
         <name>.debug_info</name>
         <load_address>0xb846</load_address>
         <run_address>0xb846</run_address>
         <size>0x215</size>
         <input_file_ref idref="fl-40"/>
      </object_component>
      <object_component id="oc-136">
         <name>.debug_info</name>
         <load_address>0xba5b</load_address>
         <run_address>0xba5b</run_address>
         <size>0x23a</size>
         <input_file_ref idref="fl-40"/>
      </object_component>
      <object_component id="oc-13e">
         <name>.debug_info</name>
         <load_address>0xbc95</load_address>
         <run_address>0xbc95</run_address>
         <size>0x23c</size>
         <input_file_ref idref="fl-40"/>
      </object_component>
      <object_component id="oc-126">
         <name>.debug_info</name>
         <load_address>0xbed1</load_address>
         <run_address>0xbed1</run_address>
         <size>0x22e</size>
         <input_file_ref idref="fl-40"/>
      </object_component>
      <object_component id="oc-195">
         <name>.debug_info</name>
         <load_address>0xc0ff</load_address>
         <run_address>0xc0ff</run_address>
         <size>0x127</size>
         <input_file_ref idref="fl-41"/>
      </object_component>
      <object_component id="oc-2af">
         <name>.debug_info</name>
         <load_address>0xc226</load_address>
         <run_address>0xc226</run_address>
         <size>0xac</size>
      </object_component>
      <object_component id="oc-33">
         <name>.debug_line</name>
         <load_address>0x0</load_address>
         <run_address>0x0</run_address>
         <size>0x5c6</size>
         <input_file_ref idref="fl-2"/>
      </object_component>
      <object_component id="oc-15b">
         <name>.debug_line</name>
         <load_address>0x5c6</load_address>
         <run_address>0x5c6</run_address>
         <size>0x1ec</size>
         <input_file_ref idref="fl-2"/>
      </object_component>
      <object_component id="oc-76">
         <name>.debug_line</name>
         <load_address>0x7b2</load_address>
         <run_address>0x7b2</run_address>
         <size>0x47d</size>
         <input_file_ref idref="fl-3"/>
      </object_component>
      <object_component id="oc-19c">
         <name>.debug_line</name>
         <load_address>0xc2f</load_address>
         <run_address>0xc2f</run_address>
         <size>0xcb</size>
         <input_file_ref idref="fl-3"/>
      </object_component>
      <object_component id="oc-11a">
         <name>.debug_line</name>
         <load_address>0xcfa</load_address>
         <run_address>0xcfa</run_address>
         <size>0x62</size>
         <input_file_ref idref="fl-4"/>
      </object_component>
      <object_component id="oc-1f2">
         <name>.debug_line</name>
         <load_address>0xd5c</load_address>
         <run_address>0xd5c</run_address>
         <size>0x21</size>
         <input_file_ref idref="fl-4"/>
      </object_component>
      <object_component id="oc-251">
         <name>.debug_line</name>
         <load_address>0xd7d</load_address>
         <run_address>0xd7d</run_address>
         <size>0x4f</size>
         <input_file_ref idref="fl-5"/>
      </object_component>
      <object_component id="oc-278">
         <name>.debug_line</name>
         <load_address>0xdcc</load_address>
         <run_address>0xdcc</run_address>
         <size>0x21</size>
         <input_file_ref idref="fl-5"/>
      </object_component>
      <object_component id="oc-2c">
         <name>.debug_line</name>
         <load_address>0xded</load_address>
         <run_address>0xded</run_address>
         <size>0x92</size>
         <input_file_ref idref="fl-6"/>
      </object_component>
      <object_component id="oc-69">
         <name>.debug_line</name>
         <load_address>0xe7f</load_address>
         <run_address>0xe7f</run_address>
         <size>0x9a</size>
         <input_file_ref idref="fl-6"/>
      </object_component>
      <object_component id="oc-1e3">
         <name>.debug_line</name>
         <load_address>0xf19</load_address>
         <run_address>0xf19</run_address>
         <size>0x44</size>
         <input_file_ref idref="fl-7"/>
      </object_component>
      <object_component id="oc-25a">
         <name>.debug_line</name>
         <load_address>0xf5d</load_address>
         <run_address>0xf5d</run_address>
         <size>0x21</size>
         <input_file_ref idref="fl-7"/>
      </object_component>
      <object_component id="oc-21f">
         <name>.debug_line</name>
         <load_address>0xf7e</load_address>
         <run_address>0xf7e</run_address>
         <size>0x17d</size>
         <input_file_ref idref="fl-8"/>
      </object_component>
      <object_component id="oc-270">
         <name>.debug_line</name>
         <load_address>0x10fb</load_address>
         <run_address>0x10fb</run_address>
         <size>0x21</size>
         <input_file_ref idref="fl-8"/>
      </object_component>
      <object_component id="oc-24d">
         <name>.debug_line</name>
         <load_address>0x111c</load_address>
         <run_address>0x111c</run_address>
         <size>0x6f</size>
         <input_file_ref idref="fl-9"/>
      </object_component>
      <object_component id="oc-275">
         <name>.debug_line</name>
         <load_address>0x118b</load_address>
         <run_address>0x118b</run_address>
         <size>0x21</size>
         <input_file_ref idref="fl-9"/>
      </object_component>
      <object_component id="oc-215">
         <name>.debug_line</name>
         <load_address>0x11ac</load_address>
         <run_address>0x11ac</run_address>
         <size>0x10e</size>
         <input_file_ref idref="fl-a"/>
      </object_component>
      <object_component id="oc-26d">
         <name>.debug_line</name>
         <load_address>0x12ba</load_address>
         <run_address>0x12ba</run_address>
         <size>0x21</size>
         <input_file_ref idref="fl-a"/>
      </object_component>
      <object_component id="oc-72">
         <name>.debug_line</name>
         <load_address>0x12db</load_address>
         <run_address>0x12db</run_address>
         <size>0x104</size>
         <input_file_ref idref="fl-b"/>
      </object_component>
      <object_component id="oc-37">
         <name>.debug_line</name>
         <load_address>0x13df</load_address>
         <run_address>0x13df</run_address>
         <size>0x117</size>
         <input_file_ref idref="fl-b"/>
      </object_component>
      <object_component id="oc-15e">
         <name>.debug_line</name>
         <load_address>0x14f6</load_address>
         <run_address>0x14f6</run_address>
         <size>0x21</size>
         <input_file_ref idref="fl-b"/>
      </object_component>
      <object_component id="oc-86">
         <name>.debug_line</name>
         <load_address>0x1517</load_address>
         <run_address>0x1517</run_address>
         <size>0x61</size>
         <input_file_ref idref="fl-d"/>
      </object_component>
      <object_component id="oc-92">
         <name>.debug_line</name>
         <load_address>0x1578</load_address>
         <run_address>0x1578</run_address>
         <size>0x61</size>
         <input_file_ref idref="fl-d"/>
      </object_component>
      <object_component id="oc-97">
         <name>.debug_line</name>
         <load_address>0x15d9</load_address>
         <run_address>0x15d9</run_address>
         <size>0x61</size>
         <input_file_ref idref="fl-d"/>
      </object_component>
      <object_component id="oc-9e">
         <name>.debug_line</name>
         <load_address>0x163a</load_address>
         <run_address>0x163a</run_address>
         <size>0x61</size>
         <input_file_ref idref="fl-d"/>
      </object_component>
      <object_component id="oc-a3">
         <name>.debug_line</name>
         <load_address>0x169b</load_address>
         <run_address>0x169b</run_address>
         <size>0x61</size>
         <input_file_ref idref="fl-d"/>
      </object_component>
      <object_component id="oc-a9">
         <name>.debug_line</name>
         <load_address>0x16fc</load_address>
         <run_address>0x16fc</run_address>
         <size>0x61</size>
         <input_file_ref idref="fl-d"/>
      </object_component>
      <object_component id="oc-af">
         <name>.debug_line</name>
         <load_address>0x175d</load_address>
         <run_address>0x175d</run_address>
         <size>0x61</size>
         <input_file_ref idref="fl-d"/>
      </object_component>
      <object_component id="oc-b2">
         <name>.debug_line</name>
         <load_address>0x17be</load_address>
         <run_address>0x17be</run_address>
         <size>0x61</size>
         <input_file_ref idref="fl-d"/>
      </object_component>
      <object_component id="oc-1a2">
         <name>.debug_line</name>
         <load_address>0x181f</load_address>
         <run_address>0x181f</run_address>
         <size>0x21</size>
         <input_file_ref idref="fl-d"/>
      </object_component>
      <object_component id="oc-111">
         <name>.debug_line</name>
         <load_address>0x1840</load_address>
         <run_address>0x1840</run_address>
         <size>0x4f</size>
         <input_file_ref idref="fl-2b"/>
      </object_component>
      <object_component id="oc-182">
         <name>.debug_line</name>
         <load_address>0x188f</load_address>
         <run_address>0x188f</run_address>
         <size>0x5d</size>
         <input_file_ref idref="fl-2c"/>
      </object_component>
      <object_component id="oc-234">
         <name>.debug_line</name>
         <load_address>0x18ec</load_address>
         <run_address>0x18ec</run_address>
         <size>0x21</size>
         <input_file_ref idref="fl-2c"/>
      </object_component>
      <object_component id="oc-59">
         <name>.debug_line</name>
         <load_address>0x190d</load_address>
         <run_address>0x190d</run_address>
         <size>0x63</size>
         <input_file_ref idref="fl-2d"/>
      </object_component>
      <object_component id="oc-164">
         <name>.debug_line</name>
         <load_address>0x1970</load_address>
         <run_address>0x1970</run_address>
         <size>0x21</size>
         <input_file_ref idref="fl-2d"/>
      </object_component>
      <object_component id="oc-16e">
         <name>.debug_line</name>
         <load_address>0x1991</load_address>
         <run_address>0x1991</run_address>
         <size>0x3f</size>
         <input_file_ref idref="fl-2e"/>
      </object_component>
      <object_component id="oc-203">
         <name>.debug_line</name>
         <load_address>0x19d0</load_address>
         <run_address>0x19d0</run_address>
         <size>0x21</size>
         <input_file_ref idref="fl-2e"/>
      </object_component>
      <object_component id="oc-1b0">
         <name>.debug_line</name>
         <load_address>0x19f1</load_address>
         <run_address>0x19f1</run_address>
         <size>0x74</size>
         <input_file_ref idref="fl-2f"/>
      </object_component>
      <object_component id="oc-240">
         <name>.debug_line</name>
         <load_address>0x1a65</load_address>
         <run_address>0x1a65</run_address>
         <size>0x21</size>
         <input_file_ref idref="fl-2f"/>
      </object_component>
      <object_component id="oc-25">
         <name>.debug_line</name>
         <load_address>0x1a86</load_address>
         <run_address>0x1a86</run_address>
         <size>0x57</size>
         <input_file_ref idref="fl-31"/>
      </object_component>
      <object_component id="oc-102">
         <name>.debug_line</name>
         <load_address>0x1add</load_address>
         <run_address>0x1add</run_address>
         <size>0x21</size>
         <input_file_ref idref="fl-31"/>
      </object_component>
      <object_component id="oc-1d">
         <name>.debug_line</name>
         <load_address>0x1afe</load_address>
         <run_address>0x1afe</run_address>
         <size>0x95</size>
         <input_file_ref idref="fl-32"/>
      </object_component>
      <object_component id="oc-fd">
         <name>.debug_line</name>
         <load_address>0x1b93</load_address>
         <run_address>0x1b93</run_address>
         <size>0x21</size>
         <input_file_ref idref="fl-32"/>
      </object_component>
      <object_component id="oc-226">
         <name>.debug_line</name>
         <load_address>0x1bb4</load_address>
         <run_address>0x1bb4</run_address>
         <size>0x2b</size>
         <input_file_ref idref="fl-33"/>
      </object_component>
      <object_component id="oc-17b">
         <name>.debug_line</name>
         <load_address>0x1bdf</load_address>
         <run_address>0x1bdf</run_address>
         <size>0x66</size>
         <input_file_ref idref="fl-33"/>
      </object_component>
      <object_component id="oc-231">
         <name>.debug_line</name>
         <load_address>0x1c45</load_address>
         <run_address>0x1c45</run_address>
         <size>0x21</size>
         <input_file_ref idref="fl-33"/>
      </object_component>
      <object_component id="oc-22e">
         <name>.debug_line</name>
         <load_address>0x1c66</load_address>
         <run_address>0x1c66</run_address>
         <size>0x2c</size>
         <input_file_ref idref="fl-34"/>
      </object_component>
      <object_component id="oc-273">
         <name>.debug_line</name>
         <load_address>0x1c92</load_address>
         <run_address>0x1c92</run_address>
         <size>0x2c</size>
         <input_file_ref idref="fl-34"/>
      </object_component>
      <object_component id="oc-22c">
         <name>.debug_line</name>
         <load_address>0x1cbe</load_address>
         <run_address>0x1cbe</run_address>
         <size>0x5f</size>
         <input_file_ref idref="fl-34"/>
      </object_component>
      <object_component id="oc-261">
         <name>.debug_line</name>
         <load_address>0x1d1d</load_address>
         <run_address>0x1d1d</run_address>
         <size>0x21</size>
         <input_file_ref idref="fl-34"/>
      </object_component>
      <object_component id="oc-173">
         <name>.debug_line</name>
         <load_address>0x1d3e</load_address>
         <run_address>0x1d3e</run_address>
         <size>0x4e</size>
         <input_file_ref idref="fl-35"/>
      </object_component>
      <object_component id="oc-223">
         <name>.debug_line</name>
         <load_address>0x1d8c</load_address>
         <run_address>0x1d8c</run_address>
         <size>0x30</size>
         <input_file_ref idref="fl-35"/>
      </object_component>
      <object_component id="oc-206">
         <name>.debug_line</name>
         <load_address>0x1dbc</load_address>
         <run_address>0x1dbc</run_address>
         <size>0x3b</size>
         <input_file_ref idref="fl-37"/>
      </object_component>
      <object_component id="oc-265">
         <name>.debug_line</name>
         <load_address>0x1df7</load_address>
         <run_address>0x1df7</run_address>
         <size>0x21</size>
         <input_file_ref idref="fl-37"/>
      </object_component>
      <object_component id="oc-88">
         <name>.debug_line</name>
         <load_address>0x1e18</load_address>
         <run_address>0x1e18</run_address>
         <size>0x9c</size>
         <input_file_ref idref="fl-3b"/>
      </object_component>
      <object_component id="oc-1a5">
         <name>.debug_line</name>
         <load_address>0x1eb4</load_address>
         <run_address>0x1eb4</run_address>
         <size>0xe1</size>
         <input_file_ref idref="fl-3b"/>
      </object_component>
      <object_component id="oc-11d">
         <name>.debug_line</name>
         <load_address>0x1f95</load_address>
         <run_address>0x1f95</run_address>
         <size>0x129</size>
         <input_file_ref idref="fl-3c"/>
      </object_component>
      <object_component id="oc-1f5">
         <name>.debug_line</name>
         <load_address>0x20be</load_address>
         <run_address>0x20be</run_address>
         <size>0xe5</size>
         <input_file_ref idref="fl-3c"/>
      </object_component>
      <object_component id="oc-bf">
         <name>.debug_line</name>
         <load_address>0x21a3</load_address>
         <run_address>0x21a3</run_address>
         <size>0x9c</size>
         <input_file_ref idref="fl-3d"/>
      </object_component>
      <object_component id="oc-80">
         <name>.debug_line</name>
         <load_address>0x223f</load_address>
         <run_address>0x223f</run_address>
         <size>0x9d</size>
         <input_file_ref idref="fl-3d"/>
      </object_component>
      <object_component id="oc-bc">
         <name>.debug_line</name>
         <load_address>0x22dc</load_address>
         <run_address>0x22dc</run_address>
         <size>0xb3</size>
         <input_file_ref idref="fl-3d"/>
      </object_component>
      <object_component id="oc-c7">
         <name>.debug_line</name>
         <load_address>0x238f</load_address>
         <run_address>0x238f</run_address>
         <size>0x9e</size>
         <input_file_ref idref="fl-3d"/>
      </object_component>
      <object_component id="oc-cb">
         <name>.debug_line</name>
         <load_address>0x242d</load_address>
         <run_address>0x242d</run_address>
         <size>0x9c</size>
         <input_file_ref idref="fl-3d"/>
      </object_component>
      <object_component id="oc-19f">
         <name>.debug_line</name>
         <load_address>0x24c9</load_address>
         <run_address>0x24c9</run_address>
         <size>0xe3</size>
         <input_file_ref idref="fl-3d"/>
      </object_component>
      <object_component id="oc-45">
         <name>.debug_line</name>
         <load_address>0x25ac</load_address>
         <run_address>0x25ac</run_address>
         <size>0x9a</size>
         <input_file_ref idref="fl-3e"/>
      </object_component>
      <object_component id="oc-44">
         <name>.debug_line</name>
         <load_address>0x2646</load_address>
         <run_address>0x2646</run_address>
         <size>0xad</size>
         <input_file_ref idref="fl-3e"/>
      </object_component>
      <object_component id="oc-243">
         <name>.debug_line</name>
         <load_address>0x26f3</load_address>
         <run_address>0x26f3</run_address>
         <size>0x12e</size>
         <input_file_ref idref="fl-3e"/>
      </object_component>
      <object_component id="oc-48">
         <name>.debug_line</name>
         <load_address>0x2821</load_address>
         <run_address>0x2821</run_address>
         <size>0x9a</size>
         <input_file_ref idref="fl-3e"/>
      </object_component>
      <object_component id="oc-d0">
         <name>.debug_line</name>
         <load_address>0x28bb</load_address>
         <run_address>0x28bb</run_address>
         <size>0x12d</size>
         <input_file_ref idref="fl-3e"/>
      </object_component>
      <object_component id="oc-51">
         <name>.debug_line</name>
         <load_address>0x29e8</load_address>
         <run_address>0x29e8</run_address>
         <size>0x9b</size>
         <input_file_ref idref="fl-3e"/>
      </object_component>
      <object_component id="oc-161">
         <name>.debug_line</name>
         <load_address>0x2a83</load_address>
         <run_address>0x2a83</run_address>
         <size>0x21</size>
         <input_file_ref idref="fl-3e"/>
      </object_component>
      <object_component id="oc-ef">
         <name>.debug_line</name>
         <load_address>0x2aa4</load_address>
         <run_address>0x2aa4</run_address>
         <size>0xcf</size>
         <input_file_ref idref="fl-3f"/>
      </object_component>
      <object_component id="oc-e2">
         <name>.debug_line</name>
         <load_address>0x2b73</load_address>
         <run_address>0x2b73</run_address>
         <size>0xae</size>
         <input_file_ref idref="fl-3f"/>
      </object_component>
      <object_component id="oc-eb">
         <name>.debug_line</name>
         <load_address>0x2c21</load_address>
         <run_address>0x2c21</run_address>
         <size>0xa0</size>
         <input_file_ref idref="fl-3f"/>
      </object_component>
      <object_component id="oc-d7">
         <name>.debug_line</name>
         <load_address>0x2cc1</load_address>
         <run_address>0x2cc1</run_address>
         <size>0xbd</size>
         <input_file_ref idref="fl-3f"/>
      </object_component>
      <object_component id="oc-e0">
         <name>.debug_line</name>
         <load_address>0x2d7e</load_address>
         <run_address>0x2d7e</run_address>
         <size>0xb9</size>
         <input_file_ref idref="fl-3f"/>
      </object_component>
      <object_component id="oc-1a8">
         <name>.debug_line</name>
         <load_address>0x2e37</load_address>
         <run_address>0x2e37</run_address>
         <size>0xe7</size>
         <input_file_ref idref="fl-3f"/>
      </object_component>
      <object_component id="oc-23a">
         <name>.debug_line</name>
         <load_address>0x2f1e</load_address>
         <run_address>0x2f1e</run_address>
         <size>0x106</size>
         <input_file_ref idref="fl-40"/>
      </object_component>
      <object_component id="oc-1fe">
         <name>.debug_line</name>
         <load_address>0x3024</load_address>
         <run_address>0x3024</run_address>
         <size>0x212</size>
         <input_file_ref idref="fl-40"/>
      </object_component>
      <object_component id="oc-18f">
         <name>.debug_line</name>
         <load_address>0x3236</load_address>
         <run_address>0x3236</run_address>
         <size>0xb0</size>
         <input_file_ref idref="fl-40"/>
      </object_component>
      <object_component id="oc-12b">
         <name>.debug_line</name>
         <load_address>0x32e6</load_address>
         <run_address>0x32e6</run_address>
         <size>0x289</size>
         <input_file_ref idref="fl-40"/>
      </object_component>
      <object_component id="oc-12f">
         <name>.debug_line</name>
         <load_address>0x356f</load_address>
         <run_address>0x356f</run_address>
         <size>0xb2</size>
         <input_file_ref idref="fl-40"/>
      </object_component>
      <object_component id="oc-139">
         <name>.debug_line</name>
         <load_address>0x3621</load_address>
         <run_address>0x3621</run_address>
         <size>0x140</size>
         <input_file_ref idref="fl-40"/>
      </object_component>
      <object_component id="oc-13b">
         <name>.debug_line</name>
         <load_address>0x3761</load_address>
         <run_address>0x3761</run_address>
         <size>0xa0</size>
         <input_file_ref idref="fl-40"/>
      </object_component>
      <object_component id="oc-124">
         <name>.debug_line</name>
         <load_address>0x3801</load_address>
         <run_address>0x3801</run_address>
         <size>0xc5</size>
         <input_file_ref idref="fl-40"/>
      </object_component>
      <object_component id="oc-1f8">
         <name>.debug_line</name>
         <load_address>0x38c6</load_address>
         <run_address>0x38c6</run_address>
         <size>0x14c</size>
         <input_file_ref idref="fl-40"/>
      </object_component>
      <object_component id="oc-194">
         <name>.debug_line</name>
         <load_address>0x3a12</load_address>
         <run_address>0x3a12</run_address>
         <size>0xae</size>
         <input_file_ref idref="fl-41"/>
      </object_component>
      <object_component id="oc-2f">
         <name>.debug_frame</name>
         <load_address>0x0</load_address>
         <run_address>0x0</run_address>
         <size>0x314</size>
         <input_file_ref idref="fl-2"/>
      </object_component>
      <object_component id="oc-77">
         <name>.debug_frame</name>
         <load_address>0x314</load_address>
         <run_address>0x314</run_address>
         <size>0x244</size>
         <input_file_ref idref="fl-3"/>
      </object_component>
      <object_component id="oc-11b">
         <name>.debug_frame</name>
         <load_address>0x558</load_address>
         <run_address>0x558</run_address>
         <size>0x58</size>
         <input_file_ref idref="fl-4"/>
      </object_component>
      <object_component id="oc-24f">
         <name>.debug_frame</name>
         <load_address>0x5b0</load_address>
         <run_address>0x5b0</run_address>
         <size>0x40</size>
         <input_file_ref idref="fl-5"/>
      </object_component>
      <object_component id="oc-1e4">
         <name>.debug_frame</name>
         <load_address>0x5f0</load_address>
         <run_address>0x5f0</run_address>
         <size>0x40</size>
         <input_file_ref idref="fl-7"/>
      </object_component>
      <object_component id="oc-21b">
         <name>.debug_frame</name>
         <load_address>0x630</load_address>
         <run_address>0x630</run_address>
         <size>0xc8</size>
         <input_file_ref idref="fl-8"/>
      </object_component>
      <object_component id="oc-24c">
         <name>.debug_frame</name>
         <load_address>0x6f8</load_address>
         <run_address>0x6f8</run_address>
         <size>0x40</size>
         <input_file_ref idref="fl-9"/>
      </object_component>
      <object_component id="oc-216">
         <name>.debug_frame</name>
         <load_address>0x738</load_address>
         <run_address>0x738</run_address>
         <size>0x88</size>
         <input_file_ref idref="fl-a"/>
      </object_component>
      <object_component id="oc-73">
         <name>.debug_frame</name>
         <load_address>0x7c0</load_address>
         <run_address>0x7c0</run_address>
         <size>0x7c</size>
         <input_file_ref idref="fl-b"/>
      </object_component>
      <object_component id="oc-38">
         <name>.debug_frame</name>
         <load_address>0x83c</load_address>
         <run_address>0x83c</run_address>
         <size>0x448</size>
         <input_file_ref idref="fl-b"/>
      </object_component>
      <object_component id="oc-85">
         <name>.debug_frame</name>
         <load_address>0xc84</load_address>
         <run_address>0xc84</run_address>
         <size>0x24</size>
         <input_file_ref idref="fl-d"/>
      </object_component>
      <object_component id="oc-91">
         <name>.debug_frame</name>
         <load_address>0xca8</load_address>
         <run_address>0xca8</run_address>
         <size>0x24</size>
         <input_file_ref idref="fl-d"/>
      </object_component>
      <object_component id="oc-98">
         <name>.debug_frame</name>
         <load_address>0xccc</load_address>
         <run_address>0xccc</run_address>
         <size>0x24</size>
         <input_file_ref idref="fl-d"/>
      </object_component>
      <object_component id="oc-9d">
         <name>.debug_frame</name>
         <load_address>0xcf0</load_address>
         <run_address>0xcf0</run_address>
         <size>0x24</size>
         <input_file_ref idref="fl-d"/>
      </object_component>
      <object_component id="oc-a4">
         <name>.debug_frame</name>
         <load_address>0xd14</load_address>
         <run_address>0xd14</run_address>
         <size>0x24</size>
         <input_file_ref idref="fl-d"/>
      </object_component>
      <object_component id="oc-aa">
         <name>.debug_frame</name>
         <load_address>0xd38</load_address>
         <run_address>0xd38</run_address>
         <size>0x24</size>
         <input_file_ref idref="fl-d"/>
      </object_component>
      <object_component id="oc-b0">
         <name>.debug_frame</name>
         <load_address>0xd5c</load_address>
         <run_address>0xd5c</run_address>
         <size>0x24</size>
         <input_file_ref idref="fl-d"/>
      </object_component>
      <object_component id="oc-b6">
         <name>.debug_frame</name>
         <load_address>0xd80</load_address>
         <run_address>0xd80</run_address>
         <size>0x24</size>
         <input_file_ref idref="fl-d"/>
      </object_component>
      <object_component id="oc-181">
         <name>.debug_frame</name>
         <load_address>0xda4</load_address>
         <run_address>0xda4</run_address>
         <size>0x50</size>
         <input_file_ref idref="fl-2c"/>
      </object_component>
      <object_component id="oc-55">
         <name>.debug_frame</name>
         <load_address>0xdf4</load_address>
         <run_address>0xdf4</run_address>
         <size>0x40</size>
         <input_file_ref idref="fl-2d"/>
      </object_component>
      <object_component id="oc-16d">
         <name>.debug_frame</name>
         <load_address>0xe34</load_address>
         <run_address>0xe34</run_address>
         <size>0x40</size>
         <input_file_ref idref="fl-2e"/>
      </object_component>
      <object_component id="oc-1b4">
         <name>.debug_frame</name>
         <load_address>0xe74</load_address>
         <run_address>0xe74</run_address>
         <size>0x58</size>
         <input_file_ref idref="fl-2f"/>
      </object_component>
      <object_component id="oc-26">
         <name>.debug_frame</name>
         <load_address>0xecc</load_address>
         <run_address>0xecc</run_address>
         <size>0x40</size>
         <input_file_ref idref="fl-31"/>
      </object_component>
      <object_component id="oc-1e">
         <name>.debug_frame</name>
         <load_address>0xf0c</load_address>
         <run_address>0xf0c</run_address>
         <size>0x48</size>
         <input_file_ref idref="fl-32"/>
      </object_component>
      <object_component id="oc-17a">
         <name>.debug_frame</name>
         <load_address>0xf54</load_address>
         <run_address>0xf54</run_address>
         <size>0x60</size>
         <input_file_ref idref="fl-33"/>
      </object_component>
      <object_component id="oc-22b">
         <name>.debug_frame</name>
         <load_address>0xfb4</load_address>
         <run_address>0xfb4</run_address>
         <size>0x70</size>
         <input_file_ref idref="fl-34"/>
      </object_component>
      <object_component id="oc-174">
         <name>.debug_frame</name>
         <load_address>0x1024</load_address>
         <run_address>0x1024</run_address>
         <size>0x40</size>
         <input_file_ref idref="fl-35"/>
      </object_component>
      <object_component id="oc-20a">
         <name>.debug_frame</name>
         <load_address>0x1064</load_address>
         <run_address>0x1064</run_address>
         <size>0x40</size>
         <input_file_ref idref="fl-37"/>
      </object_component>
      <object_component id="oc-8c">
         <name>.debug_frame</name>
         <load_address>0x10a4</load_address>
         <run_address>0x10a4</run_address>
         <size>0x40</size>
         <input_file_ref idref="fl-3b"/>
      </object_component>
      <object_component id="oc-11f">
         <name>.debug_frame</name>
         <load_address>0x10e4</load_address>
         <run_address>0x10e4</run_address>
         <size>0x40</size>
         <input_file_ref idref="fl-3c"/>
      </object_component>
      <object_component id="oc-c2">
         <name>.debug_frame</name>
         <load_address>0x1124</load_address>
         <run_address>0x1124</run_address>
         <size>0x40</size>
         <input_file_ref idref="fl-3d"/>
      </object_component>
      <object_component id="oc-7f">
         <name>.debug_frame</name>
         <load_address>0x1164</load_address>
         <run_address>0x1164</run_address>
         <size>0x48</size>
         <input_file_ref idref="fl-3d"/>
      </object_component>
      <object_component id="oc-b9">
         <name>.debug_frame</name>
         <load_address>0x11ac</load_address>
         <run_address>0x11ac</run_address>
         <size>0x40</size>
         <input_file_ref idref="fl-3d"/>
      </object_component>
      <object_component id="oc-c8">
         <name>.debug_frame</name>
         <load_address>0x11ec</load_address>
         <run_address>0x11ec</run_address>
         <size>0x40</size>
         <input_file_ref idref="fl-3d"/>
      </object_component>
      <object_component id="oc-cc">
         <name>.debug_frame</name>
         <load_address>0x122c</load_address>
         <run_address>0x122c</run_address>
         <size>0x40</size>
         <input_file_ref idref="fl-3d"/>
      </object_component>
      <object_component id="oc-3e">
         <name>.debug_frame</name>
         <load_address>0x126c</load_address>
[...]
         <used_space>0x0</used_space>
         <unused_space>0x2000</unused_space>
         <attributes>RWIX</attributes>
         <usage_details>
         </usage_details>
      </memory_area>
      <memory_area display="yes" color="green">
         <name>FLASHL</name>
         <page_id>0x0</page_id>
         <origin>0xba000</origin>
         <length>0x2000</length>
         <used_space>0x0</used_space>
         <unused_space>0x2000</unused_space>
         <attributes>RWIX</attributes>
         <usage_details>
         </usage_details>
      </memory_area>
      <memory_area display="yes" color="green">
         <name>FLASHM</name>
         <page_id>0x0</page_id>
         <origin>0xbc000</origin>
         <length>0x2000</length>
         <used_space>0x0</used_space>
         <unused_space>0x2000</unused_space>
         <attributes>RWIX</attributes>
         <usage_details>
         </usage_details>
      </memory_area>
      <memory_area display="yes" color="green">
         <name>FLASHN</name>
         <page_id>0x0</page_id>
         <origin>0xbe000</origin>
         <length>0x1ff0</length>
         <used_space>0x0</used_space>
         <unused_space>0x1ff0</unused_space>
         <attributes>RWIX</attributes>
         <usage_details>
         </usage_details>
      </memory_area>
      <memory_area display="no" color="green">
         <name>RESET</name>
         <page_id>0x0</page_id>
         <origin>0x3fffc0</origin>
         <length>0x2</length>
         <used_space>0x0</used_space>
         <unused_space>0x2</unused_space>
         <attributes>RWIX</attributes>
         <usage_details>
         </usage_details>
      </memory_area>
   </placement_map>
   <cptbl_list>
      <cptbl>
         <name>copyTable_cla1Prog</name>
         <cprec>
            <name>Cla1Prog</name>
            <load_address>0xb0000</load_address>
            <load_size>0xc0</load_size>
            <run_address>0xa000</run_address>
            <run_size>0xc0</run_size>
            <compression>none</compression>
         </cprec>
      </cptbl>
      <cptbl>
         <name>copyTable_ramfunc</name>
         <cprec>
            <name>.TI.ramfunc</name>
            <load_address>0x86000</load_address>
            <load_size>0x4a</load_size>
            <run_address>0xc000</run_address>
            <run_size>0x4a</run_size>
            <compression>none</compression>
         </cprec>
      </cptbl>
      <cptbl>
         <name>__TI_cinit_table</name>
         <cprec>
            <name>.data</name>
            <load_address>0x90000</load_address>
            <load_size>0x9</load_size>
            <run_address>0xc04a</run_address>
            <run_size>0xa</run_size>
            <compression>lzss</compression>
         </cprec>
      </cptbl>
   </cptbl_list>
   <handler_table>
      <handler_table_name>__TI_handler_table</handler_table_name>
      <handler>
         <index>0x0</index>
         <name>__TI_decompress_lzss</name>
      </handler>
      <handler>
         <index>0x1</index>
         <name>__TI_decompress_none</name>
      </handler>
   </handler_table>
   <symbol_table>
      <symbol id="sm-1">
         <name>copyTable_cla1Prog</name>
         <value>0x88240</value>
      </symbol>
      <symbol id="sm-2">
         <name>__TI_table_copyTable_cla1Prog</name>
         <value>0x88240</value>
      </symbol>
      <symbol id="sm-3">
         <name>copyTable_ramfunc</name>
         <value>0x88248</value>
      </symbol>
      <symbol id="sm-4">
         <name>__TI_table_copyTable_ramfunc</name>
         <value>0x88248</value>
      </symbol>
      <symbol id="sm-5">
         <name>__TI_CINIT_Base</name>
         <value>0x9000e</value>
      </symbol>
      <symbol id="sm-6">
         <name>__TI_CINIT_Limit</name>
         <value>0x90012</value>
      </symbol>
      <symbol id="sm-7">
         <name>__TI_CINIT_Warm</name>
         <value>0x90012</value>
      </symbol>
      <symbol id="sm-8">
         <name>__TI_Handler_Table_Base</name>
         <value>0x9000a</value>
      </symbol>
      <symbol id="sm-9">
         <name>__TI_Handler_Table_Limit</name>
         <value>0x9000e</value>
      </symbol>
      <symbol id="sm-a">
         <name>__TI_STACK_SIZE</name>
         <value>0x100</value>
      </symbol>
      <symbol id="sm-b">
         <name>__TI_STACK_END</name>
         <value>0x500</value>
      </symbol>
      <symbol id="sm-c">
         <name>__TI_pprof_out_hndl</name>
         <value>0xffffffff</value>
      </symbol>
      <symbol id="sm-d">
         <name>__TI_prof_data_start</name>
         <value>0xffffffff</value>
      </symbol>
      <symbol id="sm-e">
         <name>__TI_prof_data_size</name>
         <value>0xffffffff</value>
      </symbol>
      <symbol id="sm-66">
         <name>INTERRUPT_init</name>
         <value>0x80227</value>
         <object_component_ref idref="oc-2e"/>
      </symbol>
      <symbol id="sm-67">
         <name>GPIO_LED1_init</name>
         <value>0x801f5</value>
         <object_component_ref idref="oc-2e"/>
      </symbol>
      <symbol id="sm-68">
         <name>GPIO_LED2_init</name>
         <value>0x8020e</value>
         <object_component_ref idref="oc-2e"/>
      </symbol>
      <symbol id="sm-69">
         <name>PinMux_init</name>
         <value>0x80181</value>
         <object_component_ref idref="oc-2e"/>
      </symbol>
      <symbol id="sm-6a">
         <name>Board_init</name>
         <value>0x80172</value>
         <object_component_ref idref="oc-2e"/>
      </symbol>
      <symbol id="sm-6b">
         <name>MEMCFG_init</name>
         <value>0x80288</value>
         <object_component_ref idref="oc-2e"/>
      </symbol>
      <symbol id="sm-6c">
         <name>GPIO_init</name>
         <value>0x801f0</value>
         <object_component_ref idref="oc-2e"/>
      </symbol>
      <symbol id="sm-6d">
         <name>SYSCTL_init</name>
         <value>0x803ef</value>
         <object_component_ref idref="oc-2e"/>
      </symbol>
      <symbol id="sm-6e">
         <name>CLA_init</name>
         <value>0x801ed</value>
         <object_component_ref idref="oc-2e"/>
      </symbol>
      <symbol id="sm-6f">
         <name>myCLA0_init</name>
         <value>0x8018b</value>
         <object_component_ref idref="oc-2e"/>
      </symbol>
      <symbol id="sm-a8">
         <name>Device_enableAllPeripherals</name>
         <value>0x8074c</value>
         <object_component_ref idref="oc-75"/>
      </symbol>
      <symbol id="sm-a9">
         <name>Device_initGPIO</name>
         <value>0x80833</value>
         <object_component_ref idref="oc-75"/>
      </symbol>
      <symbol id="sm-aa">
         <name>Device_bootCPU2</name>
         <value>0x808cb</value>
         <object_component_ref idref="oc-75"/>
      </symbol>
      <symbol id="sm-ab">
         <name>Device_init</name>
         <value>0x806f0</value>
         <object_component_ref idref="oc-75"/>
      </symbol>
      <symbol id="sm-ac">
         <name>Device_enableUnbondedGPIOPullups</name>
         <value>0x80884</value>
         <object_component_ref idref="oc-75"/>
      </symbol>
      <symbol id="sm-ad">
         <name>__error__</name>
         <value>0x80a45</value>
         <object_component_ref idref="oc-75"/>
      </symbol>
      <symbol id="sm-ae">
         <name>Device_configureTMXAnalogTrim</name>
         <value>0x8089a</value>
         <object_component_ref idref="oc-75"/>
      </symbol>
      <symbol id="sm-af">
         <name>Device_enableUnbondedGPIOPullupsFor176Pin</name>
         <value>0x80871</value>
         <object_component_ref idref="oc-75"/>
      </symbol>
      <symbol id="sm-b0">
         <name>Device_enableUnbondedGPIOPullupsFor100Pin</name>
         <value>0x80854</value>
         <object_component_ref idref="oc-75"/>
      </symbol>
      <symbol id="sm-bd">
         <name>CMD_Config_init</name>
         <value>0x8143e</value>
         <object_component_ref idref="oc-116"/>
      </symbol>
      <symbol id="sm-be">
         <name>CMD_init</name>
         <value>0x81447</value>
         <object_component_ref idref="oc-116"/>
      </symbol>
      <symbol id="sm-cb">
         <name>C2000Ware_libraries_init</name>
         <value>0x81491</value>
         <object_component_ref idref="oc-24e"/>
      </symbol>
      <symbol id="sm-da">
         <name>code_start</name>
         <value>0x80000</value>
         <object_component_ref idref="oc-28"/>
      </symbol>
      <symbol id="sm-e7">
         <name>main</name>
         <value>0x8146a</value>
         <object_component_ref idref="oc-1df"/>
      </symbol>
      <symbol id="sm-104">
         <name>application_start</name>
         <value>0x80f28</value>
         <object_component_ref idref="oc-21a"/>
      </symbol>
      <symbol id="sm-105">
         <name>application_init</name>
         <value>0x80f27</value>
         <object_component_ref idref="oc-21a"/>
      </symbol>
      <symbol id="sm-112">
         <name>bsp_board_init</name>
         <value>0x8148c</value>
         <object_component_ref idref="oc-248"/>
      </symbol>
      <symbol id="sm-123">
         <name>bsp_disable_interrupts</name>
         <value>0x81325</value>
         <object_component_ref idref="oc-214"/>
      </symbol>
      <symbol id="sm-124">
         <name>bsp_init</name>
         <value>0x81314</value>
         <object_component_ref idref="oc-214"/>
      </symbol>
      <symbol id="sm-125">
         <name>bsp_enable_interrupts</name>
         <value>0x81321</value>
         <object_component_ref idref="oc-214"/>
      </symbol>
      <symbol id="sm-141">
         <name>cla1Isr4</name>
         <value>0x80ca6</value>
         <object_component_ref idref="oc-2d"/>
      </symbol>
      <symbol id="sm-142">
         <name>cla1Isr5</name>
         <value>0x80cd5</value>
         <object_component_ref idref="oc-2d"/>
      </symbol>
      <symbol id="sm-143">
         <name>cla1Isr6</name>
         <value>0x80d04</value>
         <object_component_ref idref="oc-2d"/>
      </symbol>
      <symbol id="sm-144">
         <name>cla1Isr7</name>
         <value>0x80d33</value>
         <object_component_ref idref="oc-2d"/>
      </symbol>
      <symbol id="sm-145">
         <name>cla1Isr1</name>
         <value>0x80c19</value>
         <object_component_ref idref="oc-2d"/>
      </symbol>
      <symbol id="sm-146">
         <name>cla1Isr2</name>
         <value>0x80c48</value>
         <object_component_ref idref="oc-2d"/>
      </symbol>
      <symbol id="sm-147">
         <name>cla1Isr3</name>
         <value>0x80c77</value>
         <object_component_ref idref="oc-2d"/>
      </symbol>
      <symbol id="sm-148">
         <name>cla1Isr8</name>
         <value>0x80d62</value>
         <object_component_ref idref="oc-2d"/>
      </symbol>
      <symbol id="sm-18f">
         <name>Cla1Task2</name>
         <value>0xa018</value>
         <object_component_ref idref="oc-8d"/>
      </symbol>
      <symbol id="sm-190">
         <name>Cla1Task3</name>
         <value>0xa030</value>
         <object_component_ref idref="oc-93"/>
      </symbol>
      <symbol id="sm-191">
         <name>Cla1Task1</name>
         <value>0xa000</value>
         <object_component_ref idref="oc-81"/>
      </symbol>
      <symbol id="sm-192">
         <name>Cla1Task6</name>
         <value>0xa078</value>
         <object_component_ref idref="oc-a5"/>
      </symbol>
      <symbol id="sm-193">
         <name>Cla1Task7</name>
         <value>0xa090</value>
         <object_component_ref idref="oc-ab"/>
      </symbol>
      <symbol id="sm-194">
         <name>Cla1Task4</name>
         <value>0xa048</value>
         <object_component_ref idref="oc-99"/>
      </symbol>
      <symbol id="sm-195">
         <name>Cla1Task5</name>
         <value>0xa060</value>
         <object_component_ref idref="oc-9f"/>
      </symbol>
      <symbol id="sm-196">
         <name>Cla1Task8</name>
         <value>0xa0a8</value>
         <object_component_ref idref="oc-b1"/>
      </symbol>
      <symbol id="sm-1a0">
         <name>_c_int00</name>
         <value>0x813e2</value>
         <object_component_ref idref="oc-10d"/>
      </symbol>
      <symbol id="sm-1a1">
         <name>__stack</name>
         <value>0x400</value>
         <object_component_ref idref="oc-39"/>
      </symbol>
      <symbol id="sm-1b3">
         <name>copy_in</name>
         <value>0x81233</value>
         <object_component_ref idref="oc-17f"/>
      </symbol>
      <symbol id="sm-1c5">
         <name>memcpy</name>
         <value>0x8138f</value>
         <object_component_ref idref="oc-54"/>
      </symbol>
      <symbol id="sm-1d2">
         <name>_system_pre_init</name>
         <value>0x8148f</value>
         <object_component_ref idref="oc-16b"/>
      </symbol>
      <symbol id="sm-1e1">
         <name>__TI_auto_init_nobinit_nopinit</name>
         <value>0x8128e</value>
         <object_component_ref idref="oc-1af"/>
      </symbol>
      <symbol id="sm-1ef">
         <name>__TI_decompress_none</name>
         <value>0x8147c</value>
         <object_component_ref idref="oc-21"/>
      </symbol>
      <symbol id="sm-203">
         <name>__TI_decompress_lzss</name>
         <value>0x81203</value>
         <object_component_ref idref="oc-1b"/>
      </symbol>
      <symbol id="sm-219">
         <name>C$$EXIT</name>
         <value>0x812b9</value>
         <object_component_ref idref="oc-178"/>
      </symbol>
      <symbol id="sm-21a">
         <name>abort</name>
         <value>0x812b9</value>
         <object_component_ref idref="oc-178"/>
      </symbol>
      <symbol id="sm-21b">
         <name>exit</name>
         <value>0x812bb</value>
         <object_component_ref idref="oc-178"/>
      </symbol>
      <symbol id="sm-21c">
         <name>__TI_dtors_ptr</name>
         <value>0xc04e</value>
         <object_component_ref idref="oc-1e7"/>
      </symbol>
      <symbol id="sm-21d">
         <name>__TI_cleanup_ptr</name>
         <value>0xc04c</value>
         <object_component_ref idref="oc-1e7"/>
      </symbol>
      <symbol id="sm-21e">
         <name>__TI_enable_exit_profile_output</name>
         <value>0xc04a</value>
         <object_component_ref idref="oc-1e7"/>
      </symbol>
      <symbol id="sm-235">
         <name>_nop</name>
         <value>0x8147b</value>
         <object_component_ref idref="oc-227"/>
      </symbol>
      <symbol id="sm-236">
         <name>_lock</name>
         <value>0xc050</value>
         <object_component_ref idref="oc-1ea"/>
      </symbol>
      <symbol id="sm-237">
         <name>_unlock</name>
         <value>0xc052</value>
         <object_component_ref idref="oc-25c"/>
      </symbol>
      <symbol id="sm-238">
         <name>_register_lock</name>
         <value>0x81477</value>
         <object_component_ref idref="oc-227"/>
      </symbol>
      <symbol id="sm-239">
         <name>_register_unlock</name>
         <value>0x81473</value>
         <object_component_ref idref="oc-227"/>
      </symbol>
      <symbol id="sm-248">
         <name>_args_main</name>
         <value>0x8144a</value>
         <object_component_ref idref="oc-172"/>
      </symbol>
      <symbol id="sm-256">
         <name>_system_post_cinit</name>
         <value>0x81492</value>
         <object_component_ref idref="oc-205"/>
      </symbol>
      <symbol id="sm-265">
         <name>CLA_setTriggerSource</name>
         <value>0x813ac</value>
         <object_component_ref idref="oc-87"/>
      </symbol>
      <symbol id="sm-272">
         <name>Flash_initModule</name>
         <value>0xc000</value>
         <object_component_ref idref="oc-11c"/>
      </symbol>
      <symbol id="sm-2a3">
         <name>GPIO_setQualificationMode</name>
         <value>0x8134d</value>
         <object_component_ref idref="oc-bd"/>
      </symbol>
      <symbol id="sm-2a4">
         <name>GPIO_setPadConfig</name>
         <value>0x810f4</value>
         <object_component_ref idref="oc-b7"/>
      </symbol>
      <symbol id="sm-2a5">
         <name>GPIO_setDirectionMode</name>
         <value>0x8136f</value>
         <object_component_ref idref="oc-c3"/>
      </symbol>
      <symbol id="sm-2a6">
         <name>GPIO_setPinConfig</name>
         <value>0x811d3</value>
         <object_component_ref idref="oc-7b"/>
      </symbol>
      <symbol id="sm-2a7">
         <name>GPIO_setControllerCore</name>
         <value>0x8132b</value>
         <object_component_ref idref="oc-c9"/>
      </symbol>
      <symbol id="sm-2de">
         <name>Interrupt_defaultHandler</name>
         <value>0x81432</value>
         <object_component_ref idref="oc-4c"/>
      </symbol>
      <symbol id="sm-2df">
         <name>Interrupt_initModule</name>
         <value>0x810b3</value>
         <object_component_ref idref="oc-242"/>
      </symbol>
      <symbol id="sm-2e0">
         <name>Interrupt_nmiHandler</name>
         <value>0x81460</value>
         <object_component_ref idref="oc-3a"/>
      </symbol>
      <symbol id="sm-2e1">
         <name>Interrupt_enable</name>
         <value>0x8116a</value>
         <object_component_ref idref="oc-cf"/>
      </symbol>
      <symbol id="sm-2e2">
         <name>Interrupt_initVectorTable</name>
         <value>0x813f9</value>
         <object_component_ref idref="oc-3f"/>
      </symbol>
      <symbol id="sm-2e3">
         <name>Interrupt_illegalOperationHandler</name>
         <value>0x81456</value>
         <object_component_ref idref="oc-46"/>
      </symbol>
      <symbol id="sm-328">
         <name>MemCfg_initSections</name>
         <value>0x81070</value>
         <object_component_ref idref="oc-d5"/>
      </symbol>
      <symbol id="sm-329">
         <name>MemCfg_setGSRAMControllerSel</name>
         <value>0x813c8</value>
         <object_component_ref idref="oc-e7"/>
      </symbol>
      <symbol id="sm-32a">
         <name>MemCfg_setLSRAMControllerSel</name>
         <value>0x812e2</value>
         <object_component_ref idref="oc-e1"/>
      </symbol>
      <symbol id="sm-32b">
         <name>MemCfg_setProtection</name>
         <value>0x80f9d</value>
         <object_component_ref idref="oc-ed"/>
      </symbol>
      <symbol id="sm-32c">
         <name>MemCfg_getInitStatus</name>
         <value>0x80f4a</value>
         <object_component_ref idref="oc-db"/>
      </symbol>
      <symbol id="sm-3a0">
         <name>SysCtl_delay</name>
         <value>0xc046</value>
         <object_component_ref idref="oc-191"/>
      </symbol>
      <symbol id="sm-3a1">
         <name>SysCtl_getDeviceParametric</name>
         <value>0x8102c</value>
         <object_component_ref idref="oc-122"/>
      </symbol>
      <symbol id="sm-3a2">
         <name>SysCtl_selectXTAL</name>
         <value>0x80d94</value>
         <object_component_ref idref="oc-1fa"/>
      </symbol>
      <symbol id="sm-3a3">
         <name>SysCtl_selectOscSource</name>
         <value>0x81263</value>
         <object_component_ref idref="oc-18b"/>
      </symbol>
      <symbol id="sm-3a4">
         <name>SysCtl_getLowSpeedClock</name>
         <value>0x8140e</value>
         <object_component_ref idref="oc-13a"/>
      </symbol>
      <symbol id="sm-3a5">
         <name>SysCtl_setClock</name>
         <value>0x80a4c</value>
         <object_component_ref idref="oc-128"/>
      </symbol>
      <symbol id="sm-3a6">
         <name>SysCtl_getClock</name>
         <value>0x80fe6</value>
         <object_component_ref idref="oc-134"/>
      </symbol>
      <symbol id="sm-3a7">
         <name>SysCtl_selectOscSourceAuxPLL</name>
         <value>0x81133</value>
         <object_component_ref idref="oc-12e"/>
      </symbol>
      <symbol id="sm-3b4">
         <name>__c28xabi_divf</name>
         <value>0x80e45</value>
         <object_component_ref idref="oc-192"/>
      </symbol>
      <symbol id="sm-3b6">
         <name>__c_args__</name>
         <value>0x0</value>
      </symbol>
   </symbol_table>
   <title>Link successful</title>
</link_info>
