******************************************************************************
             TMS320C2000 Linker PC v22.6.1                     
******************************************************************************
>> Linked Tue Mar 17 15:24:22 2026

OUTPUT FILE NAME:   <Blinky_CPU1_2.out>
ENTRY POINT SYMBOL: "code_start"  address: 00080000


MEMORY CONFIGURATION

         name            origin    length      used     unused   attr    fill
----------------------  --------  ---------  --------  --------  ----  --------
  RAMM0                 00000123   000002dd  00000000  000002dd  RWIX
  RAMM1                 00000400   000003f8  00000100  000002f8  RWIX
  CLATOCPU_MSGRAM       00001480   00000080  00000000  00000080  RWIX
  CPUTOCLA_MSGRAM       00001500   00000080  00000000  00000080  RWIX
  RAMLS0                00008000   00000800  00000000  00000800  RWIX
  RAMLS1                00008800   00000800  00000000  00000800  RWIX
  RAMLS2                00009000   00000800  00000000  00000800  RWIX
  RAMLS3                00009800   00000800  00000000  00000800  RWIX
  RAMLS_4_5             0000a000   00001000  000000c0  00000f40  RWIX
  RAMD0                 0000b000   00000800  00000000  00000800  RWIX
  RAMD1                 0000b800   00000800  00000000  00000800  RWIX
  RAMGS_0_4             0000c000   00005000  00000054  00004fac  RWIX
  RAMGS5                00011000   00001000  00000000  00001000  RWIX
  RAMGS6                00012000   00001000  00000000  00001000  RWIX
  RAMGS7                00013000   00001000  00000000  00001000  RWIX
  RAMGS8                00014000   00001000  00000000  00001000  RWIX
  RAMGS9                00015000   00001000  00000000  00001000  RWIX
  RAMGS10               00016000   00001000  00000000  00001000  RWIX
  RAMGS11               00017000   00001000  00000000  00001000  RWIX
  RAMGS12               00018000   00001000  00000000  00001000  RWIX
  RAMGS13               00019000   00001000  00000000  00001000  RWIX
  RAMGS14               0001a000   00001000  00000000  00001000  RWIX
  RAMGS15               0001b000   00000ff8  00000000  00000ff8  RWIX
  CPU2TOCPU1RAM         0003f800   00000400  00000000  00000400  RWIX
  CPU1TOCPU2RAM         0003fc00   00000400  00000000  00000400  RWIX
  FLASHA                00080000   00002000  0000148d  00000b73  RWIX
  FLASHB                00082000   00002000  00000000  00002000  RWIX
  FLASHC                00084000   00002000  00000000  00002000  RWIX
  FLASHD                00086000   00002000  0000004a  00001fb6  RWIX
  FLASHE                00088000   00008000  0000024d  00007db3  RWIX
  FLASHF                00090000   00008000  00000012  00007fee  RWIX
  FLASHG                00098000   00008000  00000000  00008000  RWIX
  FLASHH                000a0000   00008000  00000000  00008000  RWIX
  FLASHI                000a8000   00008000  00000000  00008000  RWIX
  FLASHJ                000b0000   00008000  000000c0  00007f40  RWIX
  FLASHK                000b8000   00002000  00000000  00002000  RWIX
  FLASHL                000ba000   00002000  00000000  00002000  RWIX
  FLASHM                000bc000   00002000  00000000  00002000  RWIX
  FLASHN                000be000   00001ff0  00000000  00001ff0  RWIX
  RESET                 003fffc0   00000002  00000000  00000002  RWIX


SECTION ALLOCATION MAP

 output                                  attributes/
section   page    origin      length       input sections
--------  ----  ----------  ----------   ----------------
.reset     0    003fffc0    00000000     DSECT

.stack     0    00000400    00000100     UNINITIALIZED
                  00000400    00000100     --HOLE--

.data      0    0000c04a    0000000a     UNINITIALIZED
                  0000c04a    00000006     rts2800_fpu32_eabi.lib : exit.c.obj (.data)
                  0000c050    00000002                            : _lock.c.obj (.data:_lock)
                  0000c052    00000002                            : _lock.c.obj (.data:_unlock)

codestart 
*          0    00080000    00000002     
                  00080000    00000002     f2837xd_codestartbranch.obj (codestart)

.TI.ramfunc 
*          0    00086000    0000004a     RUN ADDR = 0000c000
                  00086000    00000046     driverlib_eabi.lib : flash.obj (.TI.ramfunc:Flash_initModule)
                  00086046    00000004                        : sysctl.obj (.TI.ramfunc)

.binit     0    00088000    00000000     

.ovly      0    00088240    00000010     
                  00088240    00000008     (.ovly:copyTable_cla1Prog)
                  00088248    00000008     (.ovly:copyTable_ramfunc)

.cinit     0    00090000    00000012     
                  00090000    00000009     (.cinit..data.load) [load image, compression = lzss]
                  00090009    00000001     --HOLE-- [fill = 0]
                  0009000a    00000004     (__TI_handler_table)
                  0009000e    00000004     (__TI_cinit_table)

.init_array 
*          0    00088000    00000000     UNINITIALIZED

.const     0    00088000    0000023d     
                  00088000    00000119     board.obj (.const:.string)
                  00088119    00000001     --HOLE-- [fill = 0]
                  0008811a    00000089     application_cpu1.obj (.const:.string)
                  000881a3    00000001     --HOLE-- [fill = 0]
                  000881a4    00000054     device.obj (.const:.string)
                  000881f8    00000045     bsp_interrupts_cpu1_cla.obj (.const:.string)

Cla1Prog   0    000b0000    000000c0     RUN ADDR = 0000a000
                  000b0000    00000018     main_cla1.obj (Cla1Prog:Cla1Task1)
                  000b0018    00000018     main_cla1.obj (Cla1Prog:Cla1Task2)
                  000b0030    00000018     main_cla1.obj (Cla1Prog:Cla1Task3)
                  000b0048    00000018     main_cla1.obj (Cla1Prog:Cla1Task4)
                  000b0060    00000018     main_cla1.obj (Cla1Prog:Cla1Task5)
                  000b0078    00000018     main_cla1.obj (Cla1Prog:Cla1Task6)
                  000b0090    00000018     main_cla1.obj (Cla1Prog:Cla1Task7)
                  000b00a8    00000018     main_cla1.obj (Cla1Prog:Cla1Task8)

.text      0    00080008    0000148b     
                  00080008    000005de     board.obj (.text)
                  000805e6    00000466     device.obj (.text)
                  00080a4c    000001cd     driverlib_eabi.lib : sysctl.obj (.text:SysCtl_setClock)
                  00080c19    0000017b     bsp_interrupts_cpu1_cla.obj (.text:retain)
                  00080d94    000000b1     driverlib_eabi.lib : sysctl.obj (.text:SysCtl_selectXTAL)
                  00080e45    00000088     rts2800_fpu32_eabi.lib : fs_div28.asm.obj (.text)
                  00080ecd    0000007d     application_cpu1.obj (.text)
                  00080f4a    00000053     driverlib_eabi.lib : memcfg.obj (.text:MemCfg_getInitStatus)
                  00080f9d    00000049                        : memcfg.obj (.text:MemCfg_setProtection)
                  00080fe6    00000046                        : sysctl.obj (.text:SysCtl_getClock)
                  0008102c    00000044                        : sysctl.obj (.text:SysCtl_getDeviceParametric)
                  00081070    00000043                        : memcfg.obj (.text:MemCfg_initSections)
                  000810b3    00000041                        : interrupt.obj (.text:Interrupt_initModule)
                  000810f4    0000003f                        : gpio.obj (.text:GPIO_setPadConfig)
                  00081133    00000037                        : sysctl.obj (.text:SysCtl_selectOscSourceAuxPLL)
                  0008116a    00000036                        : interrupt.obj (.text:Interrupt_enable)
                  000811a0    00000033     bsp_interrupts_cpu1_cla.obj (.text)
                  000811d3    00000030     driverlib_eabi.lib : gpio.obj (.text:GPIO_setPinConfig)
                  00081203    00000030     rts2800_fpu32_eabi.lib : copy_decompress_lzss.c.obj (.text:decompress:lzss)
                  00081233    00000030                            : cpy_tbl.c.obj (.text)
                  00081263    0000002b     driverlib_eabi.lib : sysctl.obj (.text:SysCtl_selectOscSource)
                  0008128e    0000002b     rts2800_fpu32_eabi.lib : autoinit.c.obj (.text:__TI_auto_init_nobinit_nopinit)
                  000812b9    00000029                            : exit.c.obj (.text)
                  000812e2    00000025     driverlib_eabi.lib : memcfg.obj (.text:MemCfg_setLSRAMControllerSel)
                  00081307    00000024     bsp_f28379d_cpu1.obj (.text)
                  0008132b    00000022     driverlib_eabi.lib : gpio.obj (.text:GPIO_setControllerCore)
                  0008134d    00000022                        : gpio.obj (.text:GPIO_setQualificationMode)
                  0008136f    00000020                        : gpio.obj (.text:GPIO_setDirectionMode)
                  0008138f    0000001d     rts2800_fpu32_eabi.lib : memcpy.c.obj (.text)
                  000813ac    0000001c     driverlib_eabi.lib : cla.obj (.text:CLA_setTriggerSource)
                  000813c8    0000001a                        : memcfg.obj (.text:MemCfg_setGSRAMControllerSel)
                  000813e2    00000017     rts2800_fpu32_eabi.lib : boot28.asm.obj (.text)
                  000813f9    00000015     driverlib_eabi.lib : interrupt.obj (.text:Interrupt_initVectorTable)
                  0008140e    00000015                        : sysctl.obj (.text:SysCtl_getLowSpeedClock)
                  00081423    0000000f                        : sysctl.obj (.text:SysCtl_pollCpuTimer)
                  00081432    0000000c                        : interrupt.obj (.text:Interrupt_defaultHandler)
                  0008143e    0000000c     device_cmd.obj (.text)
                  0008144a    0000000c     rts2800_fpu32_eabi.lib : args_main.c.obj (.text)
                  00081456    0000000a     driverlib_eabi.lib : interrupt.obj (.text:Interrupt_illegalOperationHandler)
                  00081460    0000000a                        : interrupt.obj (.text:Interrupt_nmiHandler)
                  0008146a    00000009     main.obj (.text)
                  00081473    00000009     rts2800_fpu32_eabi.lib : _lock.c.obj (.text)
                  0008147c    00000008                            : copy_decompress_none.c.obj (.text:decompress:none)
                  00081484    00000008     f2837xd_codestartbranch.obj (.text)
                  0008148c    00000003     bsp_f28379d_board_init.obj (.text)
                  0008148f    00000002     rts2800_fpu32_eabi.lib : pre_init.c.obj (.text)
                  00081491    00000001     c2000ware_libraries.obj (.text)
                  00081492    00000001     rts2800_fpu32_eabi.lib : startup.c.obj (.text)

MODULE SUMMARY

       Module                        code   ro data   rw data
       ------                        ----   -------   -------
    .\
       f2837xd_codestartbranch.obj   10     0         0      
       main.obj                      9      0         0      
    +--+-----------------------------+------+---------+---------+
       Total:                        19     0         0      
                                                             
    .\application\source\
       application_cpu1.obj          125    137       0      
    +--+-----------------------------+------+---------+---------+
       Total:                        125    137       0      
                                                             
    .\bsp\bsp_f28379d_cpu1\source\
       bsp_f28379d_cpu1.obj          36     0         0      
       bsp_f28379d_board_init.obj    3      0         0      
    +--+-----------------------------+------+---------+---------+
       Total:                        39     0         0      
                                                             
    .\bsp\bsp_interrupts\source\
       bsp_interrupts_cpu1_cla.obj   430    69        0      
    +--+-----------------------------+------+---------+---------+
       Total:                        430    69        0      
                                                             
    .\bsp\cla_user_code\source\
       main_cla1.obj                 384    0         0      
    +--+-----------------------------+------+---------+---------+
       Total:                        384    0         0      
                                                             
    .\syscfg\
       board.obj                     1502   281       0      
       device.obj                    1126   84        0      
       device_cmd.obj                12     0         0      
       c2000ware_libraries.obj       1      0         0      
    +--+-----------------------------+------+---------+---------+
       Total:                        2641   365       0      
                                                             
    D:\ti\c2000\C2000Ware_26_00_00_00\driverlib\f2837xd\driverlib\ccs\Release\driverlib_eabi.lib
       sysctl.obj                    918    0         0      
       memcfg.obj                    286    0         0      
       gpio.obj                      211    0         0      
       interrupt.obj                 172    0         0      
       flash.obj                     140    0         0      
       cla.obj                       28     0         0      
    +--+-----------------------------+------+---------+---------+
       Total:                        1755   0         0      
                                                             
    D:\ti\ccs1281\ccs\tools\compiler\ti-cgt-c2000_22.6.1.LTS\lib\rts2800_fpu32_eabi.lib
       fs_div28.asm.obj              136    0         0      
       copy_decompress_lzss.c.obj    48     0         0      
       cpy_tbl.c.obj                 48     0         0      
       exit.c.obj                    41     0         6      
       autoinit.c.obj                43     0         0      
       memcpy.c.obj                  29     0         0      
       boot28.asm.obj                23     0         0      
       _lock.c.obj                   9      0         4      
       args_main.c.obj               12     0         0      
       copy_decompress_none.c.obj    8      0         0      
       pre_init.c.obj                2      0         0      
       startup.c.obj                 1      0         0      
    +--+-----------------------------+------+---------+---------+
       Total:                        400    0         10     
                                                             
       Stack:                        0      0         256    
       Linker Generated:             0      33        0      
    +--+-----------------------------+------+---------+---------+
       Grand Total:                  5793   604       266    


LINKER GENERATED COPY TABLES

copyTable_cla1Prog @ 00088240 records: 1, size/record: 6, table size: 8
	Cla1Prog: load addr=000b0000, load size=000000c0, run addr=0000a000, run size=000000c0, compression=none
copyTable_ramfunc @ 00088248 records: 1, size/record: 6, table size: 8
	.TI.ramfunc: load addr=00086000, load size=0000004a, run addr=0000c000, run size=0000004a, compression=none
__TI_cinit_table @ 0009000e records: 1, size/record: 4, table size: 4
	.data: load addr=00090000, load size=00000009 bytes, run addr=0000c04a, run size=0000000a bytes, compression=lzss


LINKER GENERATED HANDLER TABLE

__TI_handler_table @ 0009000a records: 2, size/record: 2, table size: 4
	index: 0, handler: __TI_decompress_lzss
	index: 1, handler: __TI_decompress_none


GLOBAL DATA SYMBOLS: SORTED BY DATA PAGE

address     data page           name
--------    ----------------    ----
00000400      10 (00000400)     __stack

0000c04a     301 (0000c040)     __TI_enable_exit_profile_output
0000c04c     301 (0000c040)     __TI_cleanup_ptr
0000c04e     301 (0000c040)     __TI_dtors_ptr
0000c050     301 (0000c040)     _lock
0000c052     301 (0000c040)     _unlock


GLOBAL SYMBOLS: SORTED ALPHABETICALLY BY Name 

page  address   name                                     
----  -------   ----                                     
0     00080172  Board_init                               
0     000812b9  C$$EXIT                                  
0     00081491  C2000Ware_libraries_init                 
0     000801ed  CLA_init                                 
0     000813ac  CLA_setTriggerSource                     
0     0008143e  CMD_Config_init                          
0     00081447  CMD_init                                 
0     0000a000  Cla1Task1                                
0     0000a018  Cla1Task2                                
0     0000a030  Cla1Task3                                
0     0000a048  Cla1Task4                                
0     0000a060  Cla1Task5                                
0     0000a078  Cla1Task6                                
0     0000a090  Cla1Task7                                
0     0000a0a8  Cla1Task8                                
0     000808cb  Device_bootCPU2                          
0     0008089a  Device_configureTMXAnalogTrim            
0     0008074c  Device_enableAllPeripherals              
0     00080884  Device_enableUnbondedGPIOPullups         
0     00080854  Device_enableUnbondedGPIOPullupsFor100Pin
0     00080871  Device_enableUnbondedGPIOPullupsFor176Pin
0     000806f0  Device_init                              
0     00080833  Device_initGPIO                          
0     0000c000  Flash_initModule                         
0     000801f5  GPIO_LED1_init                           
0     0008020e  GPIO_LED2_init                           
0     000801f0  GPIO_init                                
0     0008132b  GPIO_setControllerCore                   
0     0008136f  GPIO_setDirectionMode                    
0     000810f4  GPIO_setPadConfig                        
0     000811d3  GPIO_setPinConfig                        
0     0008134d  GPIO_setQualificationMode                
0     00080227  INTERRUPT_init                           
0     00081432  Interrupt_defaultHandler                 
0     0008116a  Interrupt_enable                         
0     00081456  Interrupt_illegalOperationHandler        
0     000810b3  Interrupt_initModule                     
0     000813f9  Interrupt_initVectorTable                
0     00081460  Interrupt_nmiHandler                     
0     00080288  MEMCFG_init                              
0     00080f4a  MemCfg_getInitStatus                     
0     00081070  MemCfg_initSections                      
0     000813c8  MemCfg_setGSRAMControllerSel             
0     000812e2  MemCfg_setLSRAMControllerSel             
0     00080f9d  MemCfg_setProtection                     
0     00080181  PinMux_init                              
0     000803ef  SYSCTL_init                              
0     0000c046  SysCtl_delay                             
0     00080fe6  SysCtl_getClock                          
0     0008102c  SysCtl_getDeviceParametric               
0     0008140e  SysCtl_getLowSpeedClock                  
0     00081263  SysCtl_selectOscSource                   
0     00081133  SysCtl_selectOscSourceAuxPLL             
0     00080d94  SysCtl_selectXTAL                        
0     00080a4c  SysCtl_setClock                          
0     0009000e  __TI_CINIT_Base                          
0     00090012  __TI_CINIT_Limit                         
0     00090012  __TI_CINIT_Warm                          
0     0009000a  __TI_Handler_Table_Base                  
0     0009000e  __TI_Handler_Table_Limit                 
0     00000500  __TI_STACK_END                           
abs   00000100  __TI_STACK_SIZE                          
0     0008128e  __TI_auto_init_nobinit_nopinit           
0     0000c04c  __TI_cleanup_ptr                         
0     00081203  __TI_decompress_lzss                     
0     0008147c  __TI_decompress_none                     
0     0000c04e  __TI_dtors_ptr                           
0     0000c04a  __TI_enable_exit_profile_output          
abs   ffffffff  __TI_pprof_out_hndl                      
abs   ffffffff  __TI_prof_data_size                      
abs   ffffffff  __TI_prof_data_start                     
0     00088240  __TI_table_copyTable_cla1Prog            
0     00088248  __TI_table_copyTable_ramfunc             
0     00080e45  __c28xabi_divf                           
n/a   UNDEFED   __c_args__                               
0     00080a45  __error__                                
0     00000400  __stack                                  
0     0008144a  _args_main                               
0     000813e2  _c_int00                                 
0     0000c050  _lock                                    
0     0008147b  _nop                                     
0     00081477  _register_lock                           
0     00081473  _register_unlock                         
0     00081492  _system_post_cinit                       
0     0008148f  _system_pre_init                         
0     0000c052  _unlock                                  
0     000812b9  abort                                    
0     00080f27  application_init                         
0     00080f28  application_start                        
0     0008148c  bsp_board_init                           
0     00081325  bsp_disable_interrupts                   
0     00081321  bsp_enable_interrupts                    
0     00081314  bsp_init                                 
0     00080c19  cla1Isr1                                 
0     00080c48  cla1Isr2                                 
0     00080c77  cla1Isr3                                 
0     00080ca6  cla1Isr4                                 
0     00080cd5  cla1Isr5                                 
0     00080d04  cla1Isr6                                 
0     00080d33  cla1Isr7                                 
0     00080d62  cla1Isr8                                 
0     00080000  code_start                               
0     00088240  copyTable_cla1Prog                       
0     00088248  copyTable_ramfunc                        
0     00081233  copy_in                                  
0     000812bb  exit                                     
0     0008146a  main                                     
0     0008138f  memcpy                                   
0     0008018b  myCLA0_init                              


GLOBAL SYMBOLS: SORTED BY Symbol Address 

page  address   name                                     
----  -------   ----                                     
0     00000400  __stack                                  
0     00000500  __TI_STACK_END                           
0     0000a000  Cla1Task1                                
0     0000a018  Cla1Task2                                
0     0000a030  Cla1Task3                                
0     0000a048  Cla1Task4                                
0     0000a060  Cla1Task5                                
0     0000a078  Cla1Task6                                
0     0000a090  Cla1Task7                                
0     0000a0a8  Cla1Task8                                
0     0000c000  Flash_initModule                         
0     0000c046  SysCtl_delay                             
0     0000c04a  __TI_enable_exit_profile_output          
0     0000c04c  __TI_cleanup_ptr                         
0     0000c04e  __TI_dtors_ptr                           
0     0000c050  _lock                                    
0     0000c052  _unlock                                  
0     00080000  code_start                               
0     00080172  Board_init                               
0     00080181  PinMux_init                              
0     0008018b  myCLA0_init                              
0     000801ed  CLA_init                                 
0     000801f0  GPIO_init                                
0     000801f5  GPIO_LED1_init                           
0     0008020e  GPIO_LED2_init                           
0     00080227  INTERRUPT_init                           
0     00080288  MEMCFG_init                              
0     000803ef  SYSCTL_init                              
0     000806f0  Device_init                              
0     0008074c  Device_enableAllPeripherals              
0     00080833  Device_initGPIO                          
0     00080854  Device_enableUnbondedGPIOPullupsFor100Pin
0     00080871  Device_enableUnbondedGPIOPullupsFor176Pin
0     00080884  Device_enableUnbondedGPIOPullups         
0     0008089a  Device_configureTMXAnalogTrim            
0     000808cb  Device_bootCPU2                          
0     00080a45  __error__                                
0     00080a4c  SysCtl_setClock                          
0     00080c19  cla1Isr1                                 
0     00080c48  cla1Isr2                                 
0     00080c77  cla1Isr3                                 
0     00080ca6  cla1Isr4                                 
0     00080cd5  cla1Isr5                                 
0     00080d04  cla1Isr6                                 
0     00080d33  cla1Isr7                                 
0     00080d62  cla1Isr8                                 
0     00080d94  SysCtl_selectXTAL                        
0     00080e45  __c28xabi_divf                           
0     00080f27  application_init                         
0     00080f28  application_start                        
0     00080f4a  MemCfg_getInitStatus                     
0     00080f9d  MemCfg_setProtection                     
0     00080fe6  SysCtl_getClock                          
0     0008102c  SysCtl_getDeviceParametric               
0     00081070  MemCfg_initSections                      
0     000810b3  Interrupt_initModule                     
0     000810f4  GPIO_setPadConfig                        
0     00081133  SysCtl_selectOscSourceAuxPLL             
0     0008116a  Interrupt_enable                         
0     000811d3  GPIO_setPinConfig                        
0     00081203  __TI_decompress_lzss                     
0     00081233  copy_in                                  
0     00081263  SysCtl_selectOscSource                   
0     0008128e  __TI_auto_init_nobinit_nopinit           
0     000812b9  C$$EXIT                                  
0     000812b9  abort                                    
0     000812bb  exit                                     
0     000812e2  MemCfg_setLSRAMControllerSel             
0     00081314  bsp_init                                 
0     00081321  bsp_enable_interrupts                    
0     00081325  bsp_disable_interrupts                   
0     0008132b  GPIO_setControllerCore                   
0     0008134d  GPIO_setQualificationMode                
0     0008136f  GPIO_setDirectionMode                    
0     0008138f  memcpy                                   
0     000813ac  CLA_setTriggerSource                     
0     000813c8  MemCfg_setGSRAMControllerSel             
0     000813e2  _c_int00                                 
0     000813f9  Interrupt_initVectorTable                
0     0008140e  SysCtl_getLowSpeedClock                  
0     00081432  Interrupt_defaultHandler                 
0     0008143e  CMD_Config_init                          
0     00081447  CMD_init                                 
0     0008144a  _args_main                               
0     00081456  Interrupt_illegalOperationHandler        
0     00081460  Interrupt_nmiHandler                     
0     0008146a  main                                     
0     00081473  _register_unlock                         
0     00081477  _register_lock                           
0     0008147b  _nop                                     
0     0008147c  __TI_decompress_none                     
0     0008148c  bsp_board_init                           
0     0008148f  _system_pre_init                         
0     00081491  C2000Ware_libraries_init                 
0     00081492  _system_post_cinit                       
0     00088240  __TI_table_copyTable_cla1Prog            
0     00088240  copyTable_cla1Prog                       
0     00088248  __TI_table_copyTable_ramfunc             
0     00088248  copyTable_ramfunc                        
0     0009000a  __TI_Handler_Table_Base                  
0     0009000e  __TI_CINIT_Base                          
0     0009000e  __TI_Handler_Table_Limit                 
0     00090012  __TI_CINIT_Limit                         
0     00090012  __TI_CINIT_Warm                          
abs   00000100  __TI_STACK_SIZE                          
abs   ffffffff  __TI_pprof_out_hndl                      
abs   ffffffff  __TI_prof_data_size                      
abs   ffffffff  __TI_prof_data_start                     
n/a   UNDEFED   __c_args__                               

[109 symbols]
